Archive member included to satisfy reference by file (symbol)

/home/aatir/SimplicityStudio_v5/developer/toolchains/gnu_arm/12.2.rel1_2023.7/bin/../lib/gcc/arm-none-eabi/12.2.1/thumb/v8-m.main+fp/hard/libgcc.a(_aeabi_ldivmod.o)
                              ./gecko_sdk_4.4.0/platform/emlib/src/em_usart.o (__aeabi_ldivmod)
/home/aatir/SimplicityStudio_v5/developer/toolchains/gnu_arm/12.2.rel1_2023.7/bin/../lib/gcc/arm-none-eabi/12.2.1/thumb/v8-m.main+fp/hard/libgcc.a(_aeabi_uldivmod.o)
                              ./gecko_sdk_4.4.0/platform/emlib/src/em_usart.o (__aeabi_uldivmod)
/home/aatir/SimplicityStudio_v5/developer/toolchains/gnu_arm/12.2.rel1_2023.7/bin/../lib/gcc/arm-none-eabi/12.2.1/thumb/v8-m.main+fp/hard/libgcc.a(_udivmoddi4.o)
                              /home/aatir/SimplicityStudio_v5/developer/toolchains/gnu_arm/12.2.rel1_2023.7/bin/../lib/gcc/arm-none-eabi/12.2.1/thumb/v8-m.main+fp/hard/libgcc.a(_aeabi_ldivmod.o) (__udivmoddi4)
/home/aatir/SimplicityStudio_v5/developer/toolchains/gnu_arm/12.2.rel1_2023.7/bin/../lib/gcc/arm-none-eabi/12.2.1/thumb/v8-m.main+fp/hard/libgcc.a(_dvmd_tls.o)
                              /home/aatir/SimplicityStudio_v5/developer/toolchains/gnu_arm/12.2.rel1_2023.7/bin/../lib/gcc/arm-none-eabi/12.2.1/thumb/v8-m.main+fp/hard/libgcc.a(_aeabi_ldivmod.o) (__aeabi_ldiv0)
/home/aatir/SimplicityStudio_v5/developer/toolchains/gnu_arm/12.2.rel1_2023.7/bin/../lib/gcc/arm-none-eabi/12.2.1/../../../../arm-none-eabi/lib/thumb/v8-m.main+fp/hard/libc_nano.a(libc_a-exit.o)
                              /home/aatir/SimplicityStudio_v5/developer/toolchains/gnu_arm/12.2.rel1_2023.7/bin/../lib/gcc/arm-none-eabi/12.2.1/../../../../arm-none-eabi/lib/thumb/v8-m.main+fp/hard/crt0.o (exit)
/home/aatir/SimplicityStudio_v5/developer/toolchains/gnu_arm/12.2.rel1_2023.7/bin/../lib/gcc/arm-none-eabi/12.2.1/../../../../arm-none-eabi/lib/thumb/v8-m.main+fp/hard/libc_nano.a(libc_a-init.o)
                              /home/aatir/SimplicityStudio_v5/developer/toolchains/gnu_arm/12.2.rel1_2023.7/bin/../lib/gcc/arm-none-eabi/12.2.1/../../../../arm-none-eabi/lib/thumb/v8-m.main+fp/hard/crt0.o (__libc_init_array)
/home/aatir/SimplicityStudio_v5/developer/toolchains/gnu_arm/12.2.rel1_2023.7/bin/../lib/gcc/arm-none-eabi/12.2.1/../../../../arm-none-eabi/lib/thumb/v8-m.main+fp/hard/libc_nano.a(libc_a-getchar.o)
                              ./app_iostream_usart.o (getchar)
/home/aatir/SimplicityStudio_v5/developer/toolchains/gnu_arm/12.2.rel1_2023.7/bin/../lib/gcc/arm-none-eabi/12.2.1/../../../../arm-none-eabi/lib/thumb/v8-m.main+fp/hard/libc_nano.a(libc_a-strcmp.o)
                              ./autogen/sl_iostream_handles.o (strcmp)
/home/aatir/SimplicityStudio_v5/developer/toolchains/gnu_arm/12.2.rel1_2023.7/bin/../lib/gcc/arm-none-eabi/12.2.1/../../../../arm-none-eabi/lib/thumb/v8-m.main+fp/hard/libc_nano.a(libc_a-printf.o)
                              ./app_iostream_usart.o (printf)
/home/aatir/SimplicityStudio_v5/developer/toolchains/gnu_arm/12.2.rel1_2023.7/bin/../lib/gcc/arm-none-eabi/12.2.1/../../../../arm-none-eabi/lib/thumb/v8-m.main+fp/hard/libc_nano.a(libc_a-nano-vfprintf.o)
                              /home/aatir/SimplicityStudio_v5/developer/toolchains/gnu_arm/12.2.rel1_2023.7/bin/../lib/gcc/arm-none-eabi/12.2.1/../../../../arm-none-eabi/lib/thumb/v8-m.main+fp/hard/libc_nano.a(libc_a-printf.o) (_vfprintf_r)
/home/aatir/SimplicityStudio_v5/developer/toolchains/gnu_arm/12.2.rel1_2023.7/bin/../lib/gcc/arm-none-eabi/12.2.1/../../../../arm-none-eabi/lib/thumb/v8-m.main+fp/hard/libc_nano.a(libc_a-vprintf.o)
                              ./gecko_sdk_4.4.0/platform/service/iostream/src/sl_iostream.o (vprintf)
/home/aatir/SimplicityStudio_v5/developer/toolchains/gnu_arm/12.2.rel1_2023.7/bin/../lib/gcc/arm-none-eabi/12.2.1/../../../../arm-none-eabi/lib/thumb/v8-m.main+fp/hard/libc_nano.a(libc_a-wbuf.o)
                              /home/aatir/SimplicityStudio_v5/developer/toolchains/gnu_arm/12.2.rel1_2023.7/bin/../lib/gcc/arm-none-eabi/12.2.1/../../../../arm-none-eabi/lib/thumb/v8-m.main+fp/hard/libc_nano.a(libc_a-nano-vfprintf.o) (__swbuf_r)
/home/aatir/SimplicityStudio_v5/developer/toolchains/gnu_arm/12.2.rel1_2023.7/bin/../lib/gcc/arm-none-eabi/12.2.1/../../../../arm-none-eabi/lib/thumb/v8-m.main+fp/hard/libc_nano.a(libc_a-wsetup.o)
                              /home/aatir/SimplicityStudio_v5/developer/toolchains/gnu_arm/12.2.rel1_2023.7/bin/../lib/gcc/arm-none-eabi/12.2.1/../../../../arm-none-eabi/lib/thumb/v8-m.main+fp/hard/libc_nano.a(libc_a-nano-vfprintf.o) (__swsetup_r)
/home/aatir/SimplicityStudio_v5/developer/toolchains/gnu_arm/12.2.rel1_2023.7/bin/../lib/gcc/arm-none-eabi/12.2.1/../../../../arm-none-eabi/lib/thumb/v8-m.main+fp/hard/libc_nano.a(libc_a-putchar.o)
                              ./app_iostream_usart.o (putchar)
[...]
Memory Configuration

Name             Origin             Length             Attributes
FLASH            0x0000000000000000 0x000000000007e000 xr
RAM              0x0000000020000000 0x0000000000008000 xrw
*default*        0x0000000000000000 0xffffffffffffffff

Linker script and memory map

LOAD /home/aatir/SimplicityStudio_v5/developer/toolchains/gnu_arm/12.2.rel1_2023.7/bin/../lib/gcc/arm-none-eabi/12.2.1/thumb/v8-m.main+fp/hard/crti.o
LOAD /home/aatir/SimplicityStudio_v5/developer/toolchains/gnu_arm/12.2.rel1_2023.7/bin/../lib/gcc/arm-none-eabi/12.2.1/thumb/v8-m.main+fp/hard/crtbegin.o
LOAD /home/aatir/SimplicityStudio_v5/developer/toolchains/gnu_arm/12.2.rel1_2023.7/bin/../lib/gcc/arm-none-eabi/12.2.1/../../../../arm-none-eabi/lib/thumb/v8-m.main+fp/hard/crt0.o
START GROUP
LOAD ./app.o
LOAD ./app_iostream_usart.o
LOAD ./app_usart.o
LOAD ./main.o
LOAD ./autogen/sl_board_default_init.o
LOAD ./autogen/sl_device_init_clocks.o
LOAD ./autogen/sl_event_handler.o
LOAD ./autogen/sl_iostream_handles.o
LOAD ./autogen/sl_iostream_init_usart_instances.o
LOAD ./gecko_sdk_4.4.0/hardware/board/src/sl_board_control_gpio.o
LOAD ./gecko_sdk_4.4.0/hardware/board/src/sl_board_init.o
LOAD ./gecko_sdk_4.4.0/hardware/driver/configuration_over_swo/src/sl_cos.o
LOAD ./gecko_sdk_4.4.0/platform/Device/SiliconLabs/BGM22/Source/startup_bgm22.o
LOAD ./gecko_sdk_4.4.0/platform/Device/SiliconLabs/BGM22/Source/system_bgm22.o
LOAD ./gecko_sdk_4.4.0/platform/common/src/sl_assert.o
LOAD ./gecko_sdk_4.4.0/platform/common/src/sl_string.o
LOAD ./gecko_sdk_4.4.0/platform/common/src/sl_syscalls.o
LOAD ./gecko_sdk_4.4.0/platform/common/toolchain/src/sl_memory.o
LOAD ./gecko_sdk_4.4.0/platform/driver/debug/src/sl_debug_swo.o
LOAD ./gecko_sdk_4.4.0/platform/emdrv/dmadrv/src/dmadrv.o
LOAD ./gecko_sdk_4.4.0/platform/emlib/src/em_cmu.o
LOAD ./gecko_sdk_4.4.0/platform/emlib/src/em_core.o
LOAD ./gecko_sdk_4.4.0/platform/emlib/src/em_emu.o
LOAD ./gecko_sdk_4.4.0/platform/emlib/src/em_gpio.o
LOAD ./gecko_sdk_4.4.0/platform/emlib/src/em_ldma.o
LOAD ./gecko_sdk_4.4.0/platform/emlib/src/em_msc.o
LOAD ./gecko_sdk_4.4.0/platform/emlib/src/em_system.o
LOAD ./gecko_sdk_4.4.0/platform/emlib/src/em_usart.o
LOAD ./gecko_sdk_4.4.0/platform/service/device_init/src/sl_device_init_dcdc_s2.o
LOAD ./gecko_sdk_4.4.0/platform/service/device_init/src/sl_device_init_emu_s2.o
LOAD ./gecko_sdk_4.4.0/platform/service/device_init/src/sl_device_init_hfxo_s2.o
LOAD ./gecko_sdk_4.4.0/platform/service/device_init/src/sl_device_init_lfxo_s2.o
LOAD ./gecko_sdk_4.4.0/platform/service/device_init/src/sl_device_init_nvic.o
LOAD ./gecko_sdk_4.4.0/platform/service/iostream/src/sl_iostream.o
LOAD ./gecko_sdk_4.4.0/platform/service/iostream/src/sl_iostream_retarget_stdio.o
LOAD ./gecko_sdk_4.4.0/platform/service/iostream/src/sl_iostream_uart.o
LOAD ./gecko_sdk_4.4.0/platform/service/iostream/src/sl_iostream_usart.o
LOAD ./gecko_sdk_4.4.0/platform/service/system/src/sl_system_init.o
LOAD ./gecko_sdk_4.4.0/platform/service/system/src/sl_system_process_action.o
LOAD /home/aatir/SimplicityStudio_v5/developer/toolchains/gnu_arm/12.2.rel1_2023.7/bin/../lib/gcc/arm-none-eabi/12.2.1/thumb/v8-m.main+fp/hard/libgcc.a
LOAD /home/aatir/SimplicityStudio_v5/developer/toolchains/gnu_arm/12.2.rel1_2023.7/bin/../lib/gcc/arm-none-eabi/12.2.1/../../../../arm-none-eabi/lib/thumb/v8-m.main+fp/hard/libc_nano.a
LOAD /home/aatir/SimplicityStudio_v5/developer/toolchains/gnu_arm/12.2.rel1_2023.7/bin/../lib/gcc/arm-none-eabi/12.2.1/../../../../arm-none-eabi/lib/thumb/v8-m.main+fp/hard/libm.a
LOAD /home/aatir/SimplicityStudio_v5/developer/toolchains/gnu_arm/12.2.rel1_2023.7/bin/../lib/gcc/arm-none-eabi/12.2.1/../../../../arm-none-eabi/lib/thumb/v8-m.main+fp/hard/libnosys.a
END GROUP
START GROUP
LOAD /home/aatir/SimplicityStudio_v5/developer/toolchains/gnu_arm/12.2.rel1_2023.7/bin/../lib/gcc/arm-none-eabi/12.2.1/thumb/v8-m.main+fp/hard/libgcc.a
LOAD /home/aatir/SimplicityStudio_v5/developer/toolchains/gnu_arm/12.2.rel1_2023.7/bin/../lib/gcc/arm-none-eabi/12.2.1/../../../../arm-none-eabi/lib/thumb/v8-m.main+fp/hard/libc_nano.a
LOAD /home/aatir/SimplicityStudio_v5/developer/toolchains/gnu_arm/12.2.rel1_2023.7/bin/../lib/gcc/arm-none-eabi/12.2.1/../../../../arm-none-eabi/lib/thumb/v8-m.main+fp/hard/libnosys.a
END GROUP
START GROUP
LOAD /home/aatir/SimplicityStudio_v5/developer/toolchains/gnu_arm/12.2.rel1_2023.7/bin/../lib/gcc/arm-none-eabi/12.2.1/thumb/v8-m.main+fp/hard/libgcc.a
LOAD /home/aatir/SimplicityStudio_v5/developer/toolchains/gnu_arm/12.2.rel1_2023.7/bin/../lib/gcc/arm-none-eabi/12.2.1/../../../../arm-none-eabi/lib/thumb/v8-m.main+fp/hard/libg_nano.a
LOAD /home/aatir/SimplicityStudio_v5/developer/toolchains/gnu_arm/12.2.rel1_2023.7/bin/../lib/gcc/arm-none-eabi/12.2.1/../../../../arm-none-eabi/lib/thumb/v8-m.main+fp/hard/libc_nano.a
END GROUP
START GROUP
LOAD /home/aatir/SimplicityStudio_v5/developer/toolchains/gnu_arm/12.2.rel1_2023.7/bin/../lib/gcc/arm-none-eabi/12.2.1/thumb/v8-m.main+fp/hard/libgcc.a
LOAD /home/aatir/SimplicityStudio_v5/developer/toolchains/gnu_arm/12.2.rel1_2023.7/bin/../lib/gcc/arm-none-eabi/12.2.1/../../../../arm-none-eabi/lib/thumb/v8-m.main+fp/hard/libc_nano.a
END GROUP
LOAD /home/aatir/SimplicityStudio_v5/developer/toolchains/gnu_arm/12.2.rel1_2023.7/bin/../lib/gcc/arm-none-eabi/12.2.1/thumb/v8-m.main+fp/hard/crtend.o
LOAD /home/aatir/SimplicityStudio_v5/developer/toolchains/gnu_arm/12.2.rel1_2023.7/bin/../lib/gcc/arm-none-eabi/12.2.1/thumb/v8-m.main+fp/hard/crtn.o

.text           0x0000000000000000     0x43f4
                0x0000000000000000                linker_vectors_begin = .
 *(.vectors)
 .vectors       0x0000000000000000      0x140 ./gecko_sdk_4.4.0/platform/Device/SiliconLabs/BGM22/Source/startup_bgm22.o
                0x0000000000000000                __Vectors
                0x0000000000000140                linker_vectors_end = .
                0x0000000000000140                __Vectors_End = .
                0x0000000000000140                __Vectors_Size = (__Vectors_End - __Vectors)
                0x0000000000000140                linker_code_begin = .
 *(SORT_BY_ALIGNMENT(.text*))
 .text.deregister_tm_clones
                0x0000000000000140       0x1c /home/aatir/SimplicityStudio_v5/developer/toolchains/gnu_arm/12.2.rel1_2023.7/bin/../lib/gcc/arm-none-eabi/12.2.1/thumb/v8-m.main+fp/hard/crtbegin.o
 .text.register_tm_clones
                0x000000000000015c       0x28 /home/aatir/SimplicityStudio_v5/developer/toolchains/gnu_arm/12.2.rel1_2023.7/bin/../lib/gcc/arm-none-eabi/12.2.1/thumb/v8-m.main+fp/hard/crtbegin.o
 .text.__do_global_dtors_aux
                0x0000000000000184       0x28 /home/aatir/SimplicityStudio_v5/developer/toolchains/gnu_arm/12.2.rel1_2023.7/bin/../lib/gcc/arm-none-eabi/12.2.1/thumb/v8-m.main+fp/hard/crtbegin.o
 .text.frame_dummy
                0x00000000000001ac       0x24 /home/aatir/SimplicityStudio_v5/developer/toolchains/gnu_arm/12.2.rel1_2023.7/bin/../lib/gcc/arm-none-eabi/12.2.1/thumb/v8-m.main+fp/hard/crtbegin.o
 .text          0x00000000000001d0       0x7c /home/aatir/SimplicityStudio_v5/developer/toolchains/gnu_arm/12.2.rel1_2023.7/bin/../lib/gcc/arm-none-eabi/12.2.1/../../../../arm-none-eabi/lib/thumb/v8-m.main+fp/hard/crt0.o
                0x00000000000001d0                _stack_init
                0x00000000000001d8                _mainCRTStartup
                0x00000000000001d8                _start
 .text.app_iostream_usart_init
                0x000000000000024c       0xa4 ./app_iostream_usart.o
                0x000000000000024c                app_iostream_usart_init
 .text.app_iostream_usart_process_action
                0x00000000000002f0       0x64 ./app_iostream_usart.o
                0x00000000000002f0                app_iostream_usart_process_action
 .text.initUSART0
                0x0000000000000354       0x44 ./app_usart.o
                0x0000000000000354                initUSART0
 .text.usart_func
                0x0000000000000398       0x84 ./app_usart.o
                0x0000000000000398                usart_func
 .text.sl_device_init_clocks
                0x000000000000041c       0x9c ./autogen/sl_device_init_clocks.o
                0x000000000000041c                sl_device_init_clocks
 .text.sl_platform_init
                0x00000000000004b8       0x58 ./autogen/sl_event_handler.o
                0x00000000000004b8                sl_platform_init
 .text.sl_iostream_usart_init_vcom
                0x0000000000000510       0xbc ./autogen/sl_iostream_init_usart_instances.o
                0x0000000000000510                sl_iostream_usart_init_vcom
 .text.sl_iostream_usart_init_instances
                0x00000000000005cc       0x1c ./autogen/sl_iostream_init_usart_instances.o
                0x00000000000005cc                sl_iostream_usart_init_instances
 .text.USART1_RX_IRQHandler
                0x00000000000005e8        0xc ./autogen/sl_iostream_init_usart_instances.o
                0x00000000000005e8                USART1_RX_IRQHandler
 .text.CopyRamFuncs
                0x00000000000005f4       0x1c ./gecko_sdk_4.4.0/platform/Device/SiliconLabs/BGM22/Source/startup_bgm22.o
                0x00000000000005f4                CopyRamFuncs
 .text.Reset_Handler
                0x0000000000000610       0x64 ./gecko_sdk_4.4.0/platform/Device/SiliconLabs/BGM22/Source/startup_bgm22.o
                0x0000000000000610                Reset_Handler
 .text.SystemInit
                0x0000000000000674       0x64 ./gecko_sdk_4.4.0/platform/Device/SiliconLabs/BGM22/Source/system_bgm22.o
                0x0000000000000674                SystemInit
 .text.SystemHFRCODPLLClockGet
                0x00000000000006d8        0xc ./gecko_sdk_4.4.0/platform/Device/SiliconLabs/BGM22/Source/system_bgm22.o
                0x00000000000006d8                SystemHFRCODPLLClockGet
 .text.SystemSYSCLKGet
                0x00000000000006e4       0x34 ./gecko_sdk_4.4.0/platform/Device/SiliconLabs/BGM22/Source/system_bgm22.o
                0x00000000000006e4                SystemSYSCLKGet
 .text.SystemHCLKGet
                0x0000000000000718       0x24 ./gecko_sdk_4.4.0/platform/Device/SiliconLabs/BGM22/Source/system_bgm22.o
                0x0000000000000718                SystemHCLKGet
 .text.SystemMaxCoreClockGet
                0x000000000000073c        0x8 ./gecko_sdk_4.4.0/platform/Device/SiliconLabs/BGM22/Source/system_bgm22.o
                0x000000000000073c                SystemMaxCoreClockGet
 .text.SystemHFXOClockGet
                0x0000000000000744        0xc ./gecko_sdk_4.4.0/platform/Device/SiliconLabs/BGM22/Source/system_bgm22.o
                0x0000000000000744                SystemHFXOClockGet
 .text.SystemHFXOClockSet
                0x0000000000000750       0x20 ./gecko_sdk_4.4.0/platform/Device/SiliconLabs/BGM22/Source/system_bgm22.o
                0x0000000000000750                SystemHFXOClockSet
 .text.SystemFSRCOClockGet
                0x0000000000000770        0x8 ./gecko_sdk_4.4.0/platform/Device/SiliconLabs/BGM22/Source/system_bgm22.o
                0x0000000000000770                SystemFSRCOClockGet
 .text.SystemLFXOClockGet
                0x0000000000000778        0xc ./gecko_sdk_4.4.0/platform/Device/SiliconLabs/BGM22/Source/system_bgm22.o
                0x0000000000000778                SystemLFXOClockGet
 .text._sbrk    0x0000000000000784       0x20 ./gecko_sdk_4.4.0/platform/common/toolchain/src/sl_memory.o
                0x0000000000000784                _sbrk
 .text.sl_debug_swo_init
                0x00000000000007a4       0xc0 ./gecko_sdk_4.4.0/platform/driver/debug/src/sl_debug_swo.o
                0x00000000000007a4                sl_debug_swo_init
 .text.sl_debug_swo_write_u8
                0x0000000000000864       0x44 ./gecko_sdk_4.4.0/platform/driver/debug/src/sl_debug_swo.o
                0x0000000000000864                sl_debug_swo_write_u8
 .text.StartTransfer
                0x00000000000008a8      0x17c ./gecko_sdk_4.4.0/platform/emdrv/dmadrv/src/dmadrv.o
 .text.DMADRV_AllocateChannel
                0x0000000000000a24       0x60 ./gecko_sdk_4.4.0/platform/emdrv/dmadrv/src/dmadrv.o
                0x0000000000000a24                DMADRV_AllocateChannel
 .text.DMADRV_DeInit
                0x0000000000000a84       0x44 ./gecko_sdk_4.4.0/platform/emdrv/dmadrv/src/dmadrv.o
                0x0000000000000a84                DMADRV_DeInit
 .text.DMADRV_FreeChannel
                0x0000000000000ac8       0x4c ./gecko_sdk_4.4.0/platform/emdrv/dmadrv/src/dmadrv.o
                0x0000000000000ac8                DMADRV_FreeChannel
 .text.DMADRV_Init
                0x0000000000000b14       0x68 ./gecko_sdk_4.4.0/platform/emdrv/dmadrv/src/dmadrv.o
                0x0000000000000b14                DMADRV_Init
 .text.DMADRV_PauseTransfer
                0x0000000000000b7c       0x40 ./gecko_sdk_4.4.0/platform/emdrv/dmadrv/src/dmadrv.o
                0x0000000000000b7c                DMADRV_PauseTransfer
 .text.DMADRV_ResumeTransfer
                0x0000000000000bbc       0x40 ./gecko_sdk_4.4.0/platform/emdrv/dmadrv/src/dmadrv.o
                0x0000000000000bbc                DMADRV_ResumeTransfer
 .text.DMADRV_StopTransfer
                0x0000000000000bfc       0x40 ./gecko_sdk_4.4.0/platform/emdrv/dmadrv/src/dmadrv.o
                0x0000000000000bfc                DMADRV_StopTransfer
 .text.DMADRV_TransferCompletePending
                0x0000000000000c3c       0x50 ./gecko_sdk_4.4.0/platform/emdrv/dmadrv/src/dmadrv.o
                0x0000000000000c3c                DMADRV_TransferCompletePending
 .text.DMADRV_TransferDone
                0x0000000000000c8c       0x44 ./gecko_sdk_4.4.0/platform/emdrv/dmadrv/src/dmadrv.o
                0x0000000000000c8c                DMADRV_TransferDone
 .text.LDMA_IRQHandler
                0x0000000000000cd0       0x74 ./gecko_sdk_4.4.0/platform/emdrv/dmadrv/src/dmadrv.o
                0x0000000000000cd0                LDMA_IRQHandler
 .text.EMU_VScaleGet
                0x0000000000000d44       0x18 ./gecko_sdk_4.4.0/platform/emlib/src/em_cmu.o
 .text.em01GrpaClkGet
                0x0000000000000d5c       0x48 ./gecko_sdk_4.4.0/platform/emlib/src/em_cmu.o
 .text.iadcClkGet
                0x0000000000000da4       0x54 ./gecko_sdk_4.4.0/platform/emlib/src/em_cmu.o
 .text.em01GrpbClkGet
                0x0000000000000df8       0x74 ./gecko_sdk_4.4.0/platform/emlib/src/em_cmu.o
 .text.em23GrpaClkGet
                0x0000000000000e6c       0x48 ./gecko_sdk_4.4.0/platform/emlib/src/em_cmu.o
 .text.wdog0ClkGet
                0x0000000000000eb4       0x64 ./gecko_sdk_4.4.0/platform/emlib/src/em_cmu.o
 .text.rtccClkGet
                0x0000000000000f18       0x54 ./gecko_sdk_4.4.0/platform/emlib/src/em_cmu.o
 .text.em4GrpaClkGet
                0x0000000000000f6c       0x48 ./gecko_sdk_4.4.0/platform/emlib/src/em_cmu.o
 .text.euart0ClkGet
                0x0000000000000fb4       0x48 ./gecko_sdk_4.4.0/platform/emlib/src/em_cmu.o
 .text.CMU_ClockDivGet
                0x0000000000000ffc       0x84 ./gecko_sdk_4.4.0/platform/emlib/src/em_cmu.o
                0x0000000000000ffc                CMU_ClockDivGet
 .text.flashWaitStateControl
                0x0000000000001080       0x4c ./gecko_sdk_4.4.0/platform/emlib/src/em_cmu.o
 .text.CMU_ClockEnable
                0x00000000000010cc       0x54 ./gecko_sdk_4.4.0/platform/emlib/src/em_cmu.o
                0x00000000000010cc                CMU_ClockEnable
 .text.CMU_ClockFreqGet
                0x0000000000001120      0x198 ./gecko_sdk_4.4.0/platform/emlib/src/em_cmu.o
                0x0000000000001120                CMU_ClockFreqGet
 .text.rhclkPrescOptimize
                0x00000000000012b8       0x20 ./gecko_sdk_4.4.0/platform/emlib/src/em_cmu.o
 .text.CMU_ClockSelectGet
                0x00000000000012d8      0x168 ./gecko_sdk_4.4.0/platform/emlib/src/em_cmu.o
                0x00000000000012d8                CMU_ClockSelectGet
 .text.sli_em_cmu_HFXOSetForceEnable
                0x0000000000001440       0x18 ./gecko_sdk_4.4.0/platform/emlib/src/em_cmu.o
                0x0000000000001440                sli_em_cmu_HFXOSetForceEnable
 .text.CMU_HFXOInit
                0x0000000000001458      0x1dc ./gecko_sdk_4.4.0/platform/emlib/src/em_cmu.o
                0x0000000000001458                CMU_HFXOInit
 .text.CMU_HFXOCTuneDeltaGet
                0x0000000000001634        0xc ./gecko_sdk_4.4.0/platform/emlib/src/em_cmu.o
                0x0000000000001634                CMU_HFXOCTuneDeltaGet
 .text.CMU_LFXOInit
                0x0000000000001640       0xc4 ./gecko_sdk_4.4.0/platform/emlib/src/em_cmu.o
                0x0000000000001640                CMU_LFXOInit
 .text.CMU_LFXOPrecisionSet
                0x0000000000001704        0xc ./gecko_sdk_4.4.0/platform/emlib/src/em_cmu.o
                0x0000000000001704                CMU_LFXOPrecisionSet
 .text.CMU_HFXOPrecisionSet
                0x0000000000001710        0xc ./gecko_sdk_4.4.0/platform/emlib/src/em_cmu.o
                0x0000000000001710                CMU_HFXOPrecisionSet
 .text.CMU_ClockDivSet
                0x000000000000171c      0x104 ./gecko_sdk_4.4.0/platform/emlib/src/em_cmu.o
                0x000000000000171c                CMU_ClockDivSet
 .text.sli_em_cmu_SYSCLKInitPreClockSelect
                0x0000000000001820       0x20 ./gecko_sdk_4.4.0/platform/emlib/src/em_cmu.o
                0x0000000000001820                sli_em_cmu_SYSCLKInitPreClockSelect
 .text.pclkDivOptimize
                0x0000000000001840       0x24 ./gecko_sdk_4.4.0/platform/emlib/src/em_cmu.o
 .text.EMU_EM4Init
                0x0000000000001864       0x14 ./gecko_sdk_4.4.0/platform/emlib/src/em_emu.o
                0x0000000000001864                EMU_EM4Init
 .text.EMU_VScaleEM01
                0x0000000000001878       0xa8 ./gecko_sdk_4.4.0/platform/emlib/src/em_emu.o
                0x0000000000001878                EMU_VScaleEM01
 .text.EMU_VScaleEM01ByClock
                0x0000000000001920       0x30 ./gecko_sdk_4.4.0/platform/emlib/src/em_emu.o
                0x0000000000001920                EMU_VScaleEM01ByClock
 .text.EMU_DCDCModeSet
                0x0000000000001950       0xb8 ./gecko_sdk_4.4.0/platform/emlib/src/em_emu.o
                0x0000000000001950                EMU_DCDCModeSet
 .text.EMU_DCDCInit
                0x0000000000001a08       0x74 ./gecko_sdk_4.4.0/platform/emlib/src/em_emu.o
                0x0000000000001a08                EMU_DCDCInit
 .text.GPIO_PinOutSet
                0x0000000000001a7c       0x40 ./gecko_sdk_4.4.0/platform/emlib/src/em_gpio.o
 .text.GPIO_PinOutClear
                0x0000000000001abc       0x40 ./gecko_sdk_4.4.0/platform/emlib/src/em_gpio.o
 .text.GPIO_PinModeSet
                0x0000000000001afc       0x90 ./gecko_sdk_4.4.0/platform/emlib/src/em_gpio.o
                0x0000000000001afc                GPIO_PinModeSet
 .text.LDMA_DeInit
                0x0000000000001b8c       0x3c ./gecko_sdk_4.4.0/platform/emlib/src/em_ldma.o
                0x0000000000001b8c                LDMA_DeInit
 .text.LDMA_EnableChannelRequest
                0x0000000000001bc8       0x40 ./gecko_sdk_4.4.0/platform/emlib/src/em_ldma.o
                0x0000000000001bc8                LDMA_EnableChannelRequest
 .text.LDMA_Init
                0x0000000000001c08       0x94 ./gecko_sdk_4.4.0/platform/emlib/src/em_ldma.o
                0x0000000000001c08                LDMA_Init
 .text.LDMA_StartTransfer
                0x0000000000001c9c      0x100 ./gecko_sdk_4.4.0/platform/emlib/src/em_ldma.o
                0x0000000000001c9c                LDMA_StartTransfer
 .text.LDMA_StopTransfer
                0x0000000000001d9c       0x38 ./gecko_sdk_4.4.0/platform/emlib/src/em_ldma.o
                0x0000000000001d9c                LDMA_StopTransfer
 .text.LDMA_TransferDone
                0x0000000000001dd4       0x44 ./gecko_sdk_4.4.0/platform/emlib/src/em_ldma.o
                0x0000000000001dd4                LDMA_TransferDone
 .text.SYSTEM_GetProdRev
                0x0000000000001e18       0x10 ./gecko_sdk_4.4.0/platform/emlib/src/em_system.o
                0x0000000000001e18                SYSTEM_GetProdRev
 .text.USART_BaudrateAsyncSet
                0x0000000000001e28       0xe0 ./gecko_sdk_4.4.0/platform/emlib/src/em_usart.o
                0x0000000000001e28                USART_BaudrateAsyncSet
 .text.USART_Enable
                0x0000000000001f08       0x44 ./gecko_sdk_4.4.0/platform/emlib/src/em_usart.o
                0x0000000000001f08                USART_Enable
 .text.USART_Reset
                0x0000000000001f4c       0x70 ./gecko_sdk_4.4.0/platform/emlib/src/em_usart.o
                0x0000000000001f4c                USART_Reset
 .text.USART_InitAsync
                0x0000000000001fbc      0x124 ./gecko_sdk_4.4.0/platform/emlib/src/em_usart.o
                0x0000000000001fbc                USART_InitAsync
 .text.sl_device_init_dcdc
                0x00000000000020e0       0x20 ./gecko_sdk_4.4.0/platform/service/device_init/src/sl_device_init_dcdc_s2.o
                0x00000000000020e0                sl_device_init_dcdc
 .text.sl_device_init_emu
                0x0000000000002100       0x24 ./gecko_sdk_4.4.0/platform/service/device_init/src/sl_device_init_emu_s2.o
                0x0000000000002100                sl_device_init_emu
 .text.sl_device_init_hfxo
                0x0000000000002124       0x70 ./gecko_sdk_4.4.0/platform/service/device_init/src/sl_device_init_hfxo_s2.o
                0x0000000000002124                sl_device_init_hfxo
 .text.sl_device_init_lfxo
                0x0000000000002194       0x2c ./gecko_sdk_4.4.0/platform/service/device_init/src/sl_device_init_lfxo_s2.o
                0x0000000000002194                sl_device_init_lfxo
 .text.sl_device_init_nvic
                0x00000000000021c0       0x3c ./gecko_sdk_4.4.0/platform/service/device_init/src/sl_device_init_nvic.o
                0x00000000000021c0                sl_device_init_nvic
 .text.sl_iostream_set_default
                0x00000000000021fc       0x18 ./gecko_sdk_4.4.0/platform/service/iostream/src/sl_iostream.o
                0x00000000000021fc                sl_iostream_set_default
 .text.sl_iostream_get_default
                0x0000000000002214       0x18 ./gecko_sdk_4.4.0/platform/service/iostream/src/sl_iostream.o
                0x0000000000002214                sl_iostream_get_default
 .text._write   0x000000000000222c       0x20 ./gecko_sdk_4.4.0/platform/service/iostream/src/sl_iostream_retarget_stdio.o
                0x000000000000222c                _write
 .text.get_write_ptr
                0x000000000000224c       0x40 ./gecko_sdk_4.4.0/platform/service/iostream/src/sl_iostream_uart.o
 .text.dma_irq_handler
                0x000000000000228c       0x74 ./gecko_sdk_4.4.0/platform/service/iostream/src/sl_iostream_uart.o
 .text.uart_read
                0x0000000000002300      0x1f4 ./gecko_sdk_4.4.0/platform/service/iostream/src/sl_iostream_uart.o
 .text.uart_deinit
                0x00000000000024f4       0x98 ./gecko_sdk_4.4.0/platform/service/iostream/src/sl_iostream_uart.o
 .text.uart_write
                0x000000000000258c       0xc0 ./gecko_sdk_4.4.0/platform/service/iostream/src/sl_iostream_uart.o
 .text.sli_iostream_uart_context_init
                0x000000000000264c       0xf8 ./gecko_sdk_4.4.0/platform/service/iostream/src/sl_iostream_uart.o
                0x000000000000264c                sli_iostream_uart_context_init
 .text.sl_iostream_usart_init
                0x0000000000002744      0x174 ./gecko_sdk_4.4.0/platform/service/iostream/src/sl_iostream_usart.o
                0x0000000000002744                sl_iostream_usart_init
 .text.exit     0x00000000000028b8       0x24 /home/aatir/SimplicityStudio_v5/developer/toolchains/gnu_arm/12.2.rel1_2023.7/bin/../lib/gcc/arm-none-eabi/12.2.1/../../../../arm-none-eabi/lib/thumb/v8-m.main+fp/hard/libc_nano.a(libc_a-exit.o)
                0x00000000000028b8                exit
 .text.__libc_init_array
                0x00000000000028dc       0x48 /home/aatir/SimplicityStudio_v5/developer/toolchains/gnu_arm/12.2.rel1_2023.7/bin/../lib/gcc/arm-none-eabi/12.2.1/../../../../arm-none-eabi/lib/thumb/v8-m.main+fp/hard/libc_nano.a(libc_a-init.o)
                0x00000000000028dc                __libc_init_array
 .text.getchar  0x0000000000002924       0x10 /home/aatir/SimplicityStudio_v5/developer/toolchains/gnu_arm/12.2.rel1_2023.7/bin/../lib/gcc/arm-none-eabi/12.2.1/../../../../arm-none-eabi/lib/thumb/v8-m.main+fp/hard/libc_nano.a(libc_a-getchar.o)
                0x0000000000002924                getchar
 .text.printf   0x0000000000002934       0x24 /home/aatir/SimplicityStudio_v5/developer/toolchains/gnu_arm/12.2.rel1_2023.7/bin/../lib/gcc/arm-none-eabi/12.2.1/../../../../arm-none-eabi/lib/thumb/v8-m.main+fp/hard/libc_nano.a(libc_a-printf.o)
                0x0000000000002934                printf
                0x0000000000002934                iprintf
 .text._vfprintf_r
                0x0000000000002958      0x230 /home/aatir/SimplicityStudio_v5/developer/toolchains/gnu_arm/12.2.rel1_2023.7/bin/../lib/gcc/arm-none-eabi/12.2.1/../../../../arm-none-eabi/lib/thumb/v8-m.main+fp/hard/libc_nano.a(libc_a-nano-vfprintf.o)
                0x0000000000002958                _vfiprintf_r
                0x0000000000002958                _vfprintf_r
 .text.__swsetup_r
                0x0000000000002b88       0xac /home/aatir/SimplicityStudio_v5/developer/toolchains/gnu_arm/12.2.rel1_2023.7/bin/../lib/gcc/arm-none-eabi/12.2.1/../../../../arm-none-eabi/lib/thumb/v8-m.main+fp/hard/libc_nano.a(libc_a-wsetup.o)
                0x0000000000002b88                __swsetup_r
 .text.putchar  0x0000000000002c34       0x10 /home/aatir/SimplicityStudio_v5/developer/toolchains/gnu_arm/12.2.rel1_2023.7/bin/../lib/gcc/arm-none-eabi/12.2.1/../../../../arm-none-eabi/lib/thumb/v8-m.main+fp/hard/libc_nano.a(libc_a-putchar.o)
                0x0000000000002c34                putchar
 .text._printf_i
                0x0000000000002c44      0x258 /home/aatir/SimplicityStudio_v5/developer/toolchains/gnu_arm/12.2.rel1_2023.7/bin/../lib/gcc/arm-none-eabi/12.2.1/../../../../arm-none-eabi/lib/thumb/v8-m.main+fp/hard/libc_nano.a(libc_a-nano-vfprintf_i.o)
                0x0000000000002c44                _printf_i
 .text.puts     0x0000000000002e9c       0x10 /home/aatir/SimplicityStudio_v5/developer/toolchains/gnu_arm/12.2.rel1_2023.7/bin/../lib/gcc/arm-none-eabi/12.2.1/../../../../arm-none-eabi/lib/thumb/v8-m.main+fp/hard/libc_nano.a(libc_a-puts.o)
                0x0000000000002e9c                puts
 .text.std      0x0000000000002eac       0x6c /home/aatir/SimplicityStudio_v5/developer/toolchains/gnu_arm/12.2.rel1_2023.7/bin/../lib/gcc/arm-none-eabi/12.2.1/../../../../arm-none-eabi/lib/thumb/v8-m.main+fp/hard/libc_nano.a(libc_a-findfp.o)
 .text.stdio_exit_handler
                0x0000000000002f18       0x18 /home/aatir/SimplicityStudio_v5/developer/toolchains/gnu_arm/12.2.rel1_2023.7/bin/../lib/gcc/arm-none-eabi/12.2.1/../../../../arm-none-eabi/lib/thumb/v8-m.main+fp/hard/libc_nano.a(libc_a-findfp.o)
 .text.cleanup_stdio
                0x0000000000002f30       0x40 /home/aatir/SimplicityStudio_v5/developer/toolchains/gnu_arm/12.2.rel1_2023.7/bin/../lib/gcc/arm-none-eabi/12.2.1/../../../../arm-none-eabi/lib/thumb/v8-m.main+fp/hard/libc_nano.a(libc_a-findfp.o)
 .text.global_stdio_init.part.0
                0x0000000000002f70       0x3c /home/aatir/SimplicityStudio_v5/developer/toolchains/gnu_arm/12.2.rel1_2023.7/bin/../lib/gcc/arm-none-eabi/12.2.1/../../../../arm-none-eabi/lib/thumb/v8-m.main+fp/hard/libc_nano.a(libc_a-findfp.o)
 .text.__sfp_lock_acquire
                0x0000000000002fac        0xc /home/aatir/SimplicityStudio_v5/developer/toolchains/gnu_arm/12.2.rel1_2023.7/bin/../lib/gcc/arm-none-eabi/12.2.1/../../../../arm-none-eabi/lib/thumb/v8-m.main+fp/hard/libc_nano.a(libc_a-findfp.o)
                0x0000000000002fac                __sfp_lock_acquire
 .text.__sfp_lock_release
                0x0000000000002fb8        0xc /home/aatir/SimplicityStudio_v5/developer/toolchains/gnu_arm/12.2.rel1_2023.7/bin/../lib/gcc/arm-none-eabi/12.2.1/../../../../arm-none-eabi/lib/thumb/v8-m.main+fp/hard/libc_nano.a(libc_a-findfp.o)
                0x0000000000002fb8                __sfp_lock_release
 .text.__sinit  0x0000000000002fc4       0x30 /home/aatir/SimplicityStudio_v5/developer/toolchains/gnu_arm/12.2.rel1_2023.7/bin/../lib/gcc/arm-none-eabi/12.2.1/../../../../arm-none-eabi/lib/thumb/v8-m.main+fp/hard/libc_nano.a(libc_a-findfp.o)
                0x0000000000002fc4                __sinit
 .text.setvbuf  0x0000000000002ff4      0x168 /home/aatir/SimplicityStudio_v5/developer/toolchains/gnu_arm/12.2.rel1_2023.7/bin/../lib/gcc/arm-none-eabi/12.2.1/../../../../arm-none-eabi/lib/thumb/v8-m.main+fp/hard/libc_nano.a(libc_a-setvbuf.o)
                0x0000000000002ff4                setvbuf
 .text._write_r
                0x000000000000315c       0x24 /home/aatir/SimplicityStudio_v5/developer/toolchains/gnu_arm/12.2.rel1_2023.7/bin/../lib/gcc/arm-none-eabi/12.2.1/../../../../arm-none-eabi/lib/thumb/v8-m.main+fp/hard/libc_nano.a(libc_a-writer.o)
                0x000000000000315c                _write_r
 .text._free_r  0x0000000000003180       0x94 /home/aatir/SimplicityStudio_v5/developer/toolchains/gnu_arm/12.2.rel1_2023.7/bin/../lib/gcc/arm-none-eabi/12.2.1/../../../../arm-none-eabi/lib/thumb/v8-m.main+fp/hard/libc_nano.a(libc_a-freer.o)
                0x0000000000003180                _free_r
 .text._close_r
                0x0000000000003214       0x20 /home/aatir/SimplicityStudio_v5/developer/toolchains/gnu_arm/12.2.rel1_2023.7/bin/../lib/gcc/arm-none-eabi/12.2.1/../../../../arm-none-eabi/lib/thumb/v8-m.main+fp/hard/libc_nano.a(libc_a-closer.o)
                0x0000000000003214                _close_r
 .text.malloc   0x0000000000003234       0x10 /home/aatir/SimplicityStudio_v5/developer/toolchains/gnu_arm/12.2.rel1_2023.7/bin/../lib/gcc/arm-none-eabi/12.2.1/../../../../arm-none-eabi/lib/thumb/v8-m.main+fp/hard/libc_nano.a(libc_a-malloc.o)
                0x0000000000003234                malloc
 .text.sbrk_aligned
                0x0000000000003244       0x44 /home/aatir/SimplicityStudio_v5/developer/toolchains/gnu_arm/12.2.rel1_2023.7/bin/../lib/gcc/arm-none-eabi/12.2.1/../../../../arm-none-eabi/lib/thumb/v8-m.main+fp/hard/libc_nano.a(libc_a-mallocr.o)
 .text._malloc_r
                0x0000000000003288       0xf0 /home/aatir/SimplicityStudio_v5/developer/toolchains/gnu_arm/12.2.rel1_2023.7/bin/../lib/gcc/arm-none-eabi/12.2.1/../../../../arm-none-eabi/lib/thumb/v8-m.main+fp/hard/libc_nano.a(libc_a-mallocr.o)
                0x0000000000003288                _malloc_r
 .text._fstat_r
                0x0000000000003378       0x24 /home/aatir/SimplicityStudio_v5/developer/toolchains/gnu_arm/12.2.rel1_2023.7/bin/../lib/gcc/arm-none-eabi/12.2.1/../../../../arm-none-eabi/lib/thumb/v8-m.main+fp/hard/libc_nano.a(libc_a-fstatr.o)
                0x0000000000003378                _fstat_r
 .text._isatty_r
                0x000000000000339c       0x20 /home/aatir/SimplicityStudio_v5/developer/toolchains/gnu_arm/12.2.rel1_2023.7/bin/../lib/gcc/arm-none-eabi/12.2.1/../../../../arm-none-eabi/lib/thumb/v8-m.main+fp/hard/libc_nano.a(libc_a-isattyr.o)
                0x000000000000339c                _isatty_r
 .text._lseek_r
                0x00000000000033bc       0x24 /home/aatir/SimplicityStudio_v5/developer/toolchains/gnu_arm/12.2.rel1_2023.7/bin/../lib/gcc/arm-none-eabi/12.2.1/../../../../arm-none-eabi/lib/thumb/v8-m.main+fp/hard/libc_nano.a(libc_a-lseekr.o)
                0x00000000000033bc                _lseek_r
 .text._read_r  0x00000000000033e0       0x24 /home/aatir/SimplicityStudio_v5/developer/toolchains/gnu_arm/12.2.rel1_2023.7/bin/../lib/gcc/arm-none-eabi/12.2.1/../../../../arm-none-eabi/lib/thumb/v8-m.main+fp/hard/libc_nano.a(libc_a-readr.o)
                0x00000000000033e0                _read_r
 .text.__malloc_lock
                0x0000000000003404        0xc /home/aatir/SimplicityStudio_v5/developer/toolchains/gnu_arm/12.2.rel1_2023.7/bin/../lib/gcc/arm-none-eabi/12.2.1/../../../../arm-none-eabi/lib/thumb/v8-m.main+fp/hard/libc_nano.a(libc_a-mlock.o)
                0x0000000000003404                __malloc_lock
 .text.__malloc_unlock
                0x0000000000003410        0xc /home/aatir/SimplicityStudio_v5/developer/toolchains/gnu_arm/12.2.rel1_2023.7/bin/../lib/gcc/arm-none-eabi/12.2.1/../../../../arm-none-eabi/lib/thumb/v8-m.main+fp/hard/libc_nano.a(libc_a-mlock.o)
                0x0000000000003410                __malloc_unlock
 .text._sbrk_r  0x000000000000341c       0x20 /home/aatir/SimplicityStudio_v5/developer/toolchains/gnu_arm/12.2.rel1_2023.7/bin/../lib/gcc/arm-none-eabi/12.2.1/../../../../arm-none-eabi/lib/thumb/v8-m.main+fp/hard/libc_nano.a(libc_a-sbrkr.o)
                0x000000000000341c                _sbrk_r
 .text.lflush   0x000000000000343c       0x1c /home/aatir/SimplicityStudio_v5/developer/toolchains/gnu_arm/12.2.rel1_2023.7/bin/../lib/gcc/arm-none-eabi/12.2.1/../../../../arm-none-eabi/lib/thumb/v8-m.main+fp/hard/libc_nano.a(libc_a-refill.o)
 .text.__srefill_r
                0x0000000000003458       0xe8 /home/aatir/SimplicityStudio_v5/developer/toolchains/gnu_arm/12.2.rel1_2023.7/bin/../lib/gcc/arm-none-eabi/12.2.1/../../../../arm-none-eabi/lib/thumb/v8-m.main+fp/hard/libc_nano.a(libc_a-refill.o)
                0x0000000000003458                __srefill_r
 .text.app_init
                0x0000000000003540        0xe ./app.o
                0x0000000000003540                app_init
 .text.app_process_action
                0x000000000000354e        0x4 ./app.o
                0x000000000000354e                app_process_action
 .text.initCMU  0x0000000000003552       0x16 ./app_usart.o
                0x0000000000003552                initCMU
 .text.initGPIO
                0x0000000000003568       0x2a ./app_usart.o
                0x0000000000003568                initGPIO
 .text.startup.main
                0x0000000000003592       0x14 ./main.o
                0x0000000000003592                main
 .text.sl_board_default_init
                0x00000000000035a6        0x2 ./autogen/sl_board_default_init.o
                0x00000000000035a6                sl_board_default_init
 .text.sl_driver_init
                0x00000000000035a8        0xe ./autogen/sl_event_handler.o
                0x00000000000035a8                sl_driver_init
 .text.sl_service_init
                0x00000000000035b6        0xe ./autogen/sl_event_handler.o
                0x00000000000035b6                sl_service_init
 .text.sl_stack_init
                0x00000000000035c4        0x2 ./autogen/sl_event_handler.o
                0x00000000000035c4                sl_stack_init
 .text.sl_internal_app_init
                0x00000000000035c6        0x2 ./autogen/sl_event_handler.o
                0x00000000000035c6                sl_internal_app_init
 .text.sl_platform_process_action
                0x00000000000035c8        0x2 ./autogen/sl_event_handler.o
                0x00000000000035c8                sl_platform_process_action
 .text.sl_service_process_action
                0x00000000000035ca        0x2 ./autogen/sl_event_handler.o
                0x00000000000035ca                sl_service_process_action
 .text.sl_stack_process_action
                0x00000000000035cc        0x2 ./autogen/sl_event_handler.o
                0x00000000000035cc                sl_stack_process_action
 .text.sl_internal_app_process_action
                0x00000000000035ce        0x2 ./autogen/sl_event_handler.o
                0x00000000000035ce                sl_internal_app_process_action
 .text.USART1_TX_IRQHandler
                0x00000000000035d0        0x4 ./autogen/sl_iostream_init_usart_instances.o
                0x00000000000035d0                USART1_TX_IRQHandler
 .text.sl_board_configure_vcom
                0x00000000000035d4        0x4 ./gecko_sdk_4.4.0/hardware/board/src/sl_board_control_gpio.o
                0x00000000000035d4                sl_board_configure_vcom
 .text.sl_board_init
                0x00000000000035d8       0x12 ./gecko_sdk_4.4.0/hardware/board/src/sl_board_init.o
                0x00000000000035d8                sl_board_init
 .text.sl_board_preinit
                0x00000000000035ea        0x8 ./gecko_sdk_4.4.0/hardware/board/src/sl_board_init.o
                0x00000000000035ea                sl_board_preinit
 .text.sli_cos_swo_itm_8_write.constprop.0.isra.0
                0x00000000000035f2       0x78 ./gecko_sdk_4.4.0/hardware/driver/configuration_over_swo/src/sl_cos.o
 .text.sl_cos_send_config
                0x000000000000366a       0x12 ./gecko_sdk_4.4.0/hardware/driver/configuration_over_swo/src/sl_cos.o
                0x000000000000366a                sl_cos_send_config
 .text.sl_cos_config_vcom
                0x000000000000367c       0x1e ./gecko_sdk_4.4.0/hardware/driver/configuration_over_swo/src/sl_cos.o
                0x000000000000367c                sl_cos_config_vcom
 .text.Default_Handler
                0x000000000000369a        0x2 ./gecko_sdk_4.4.0/platform/Device/SiliconLabs/BGM22/Source/startup_bgm22.o
                0x000000000000369a                ULFRCO_IRQHandler
                0x000000000000369a                SW2_IRQHandler
                0x000000000000369a                TIMER2_IRQHandler
                0x000000000000369a                DebugMon_Handler
                0x000000000000369a                PKE_IRQHandler
                0x000000000000369a                USART0_TX_IRQHandler
                0x000000000000369a                PRORTC_IRQHandler
                0x000000000000369a                IADC_IRQHandler
                0x000000000000369a                I2C0_IRQHandler
                0x000000000000369a                LFXO_IRQHandler
                0x000000000000369a                CRYPTOACC_IRQHandler
                0x000000000000369a                HardFault_Handler
                0x000000000000369a                SMU_SECURE_IRQHandler
                0x000000000000369a                SysTick_Handler
                0x000000000000369a                EMUEFP_IRQHandler
                0x000000000000369a                PendSV_Handler
                0x000000000000369a                NMI_Handler
                0x000000000000369a                SYNTH_IRQHandler
                0x000000000000369a                HFXO0_IRQHandler
                0x000000000000369a                I2C1_IRQHandler
                0x000000000000369a                PDM_IRQHandler
                0x000000000000369a                WDOG0_IRQHandler
                0x000000000000369a                TIMER3_IRQHandler
                0x000000000000369a                SYSCFG_IRQHandler
                0x000000000000369a                EMUSE_IRQHandler
                0x000000000000369a                EMUDG_IRQHandler
                0x000000000000369a                MSC_IRQHandler
                0x000000000000369a                DPLL0_IRQHandler
                0x000000000000369a                UsageFault_Handler
                0x000000000000369a                M33CTI1_IRQHandler
                0x000000000000369a                TIMER4_IRQHandler
                0x000000000000369a                GPIO_EVEN_IRQHandler
                0x000000000000369a                SW0_IRQHandler
                0x000000000000369a                TIMER0_IRQHandler
                0x000000000000369a                LETIMER0_IRQHandler
                0x000000000000369a                TIMER1_IRQHandler
                0x000000000000369a                HFRCO0_IRQHandler
                0x000000000000369a                RFSENSE_IRQHandler
                0x000000000000369a                SecureFault_Handler
                0x000000000000369a                BUFC_IRQHandler
                0x000000000000369a                DCDC_IRQHandler
                0x000000000000369a                MODEM_IRQHandler
                0x000000000000369a                Default_Handler
                0x000000000000369a                RAC_SEQ_IRQHandler
                0x000000000000369a                FRC_PRI_IRQHandler
                0x000000000000369a                EMU_IRQHandler
                0x000000000000369a                SW3_IRQHandler
                0x000000000000369a                KERNEL0_IRQHandler
                0x000000000000369a                FRC_IRQHandler
                0x000000000000369a                KERNEL1_IRQHandler
                0x000000000000369a                AGC_IRQHandler
                0x000000000000369a                sl_app_properties
                0x000000000000369a                BURTC_IRQHandler
                0x000000000000369a                LFRCO_IRQHandler
                0x000000000000369a                USART0_RX_IRQHandler
                0x000000000000369a                MemManage_Handler
                0x000000000000369a                RDMAILBOX_IRQHandler
                0x000000000000369a                SVC_Handler
                0x000000000000369a                RTCC_IRQHandler
                0x000000000000369a                SMU_S_PRIVILEGED_IRQHandler
                0x000000000000369a                SW1_IRQHandler
                0x000000000000369a                CMU_IRQHandler
                0x000000000000369a                RAC_RSM_IRQHandler
                0x000000000000369a                EUART0_TX_IRQHandler
                0x000000000000369a                EUART0_RX_IRQHandler
                0x000000000000369a                GPIO_ODD_IRQHandler
                0x000000000000369a                AES_IRQHandler
                0x000000000000369a                M33CTI0_IRQHandler
                0x000000000000369a                ICACHE0_IRQHandler
                0x000000000000369a                SMU_NS_PRIVILEGED_IRQHandler
                0x000000000000369a                PROTIMER_IRQHandler
                0x000000000000369a                BusFault_Handler
                0x000000000000369a                TRNG_IRQHandler
 .text.FlashToRamCopy
                0x000000000000369c       0x16 ./gecko_sdk_4.4.0/platform/Device/SiliconLabs/BGM22/Source/system_bgm22.o
                0x000000000000369c                FlashToRamCopy
 .text.SystemCLKIN0Get
                0x00000000000036b2        0x4 ./gecko_sdk_4.4.0/platform/Device/SiliconLabs/BGM22/Source/system_bgm22.o
                0x00000000000036b2                SystemCLKIN0Get
 .text.SystemLFRCOClockGet
                0x00000000000036b6        0x6 ./gecko_sdk_4.4.0/platform/Device/SiliconLabs/BGM22/Source/system_bgm22.o
                0x00000000000036b6                SystemLFRCOClockGet
 .text.SystemULFRCOClockGet
                0x00000000000036bc        0x6 ./gecko_sdk_4.4.0/platform/Device/SiliconLabs/BGM22/Source/system_bgm22.o
                0x00000000000036bc                SystemULFRCOClockGet
 .text.assertEFM
                0x00000000000036c2        0x2 ./gecko_sdk_4.4.0/platform/common/src/sl_assert.o
                0x00000000000036c2                assertEFM
 .text.sl_debug_swo_enable_itm
                0x00000000000036c4       0x16 ./gecko_sdk_4.4.0/platform/driver/debug/src/sl_debug_swo.o
                0x00000000000036c4                sl_debug_swo_enable_itm
 .text.sl_debug_swo_disable_itm
                0x00000000000036da       0x18 ./gecko_sdk_4.4.0/platform/driver/debug/src/sl_debug_swo.o
                0x00000000000036da                sl_debug_swo_disable_itm
 .text.DMADRV_PeripheralMemory
                0x00000000000036f2       0x34 ./gecko_sdk_4.4.0/platform/emdrv/dmadrv/src/dmadrv.o
                0x00000000000036f2                DMADRV_PeripheralMemory
 .text.waitStateMax
                0x0000000000003726       0x10 ./gecko_sdk_4.4.0/platform/emlib/src/em_cmu.o
 .text.CMU_UpdateWaitStates
                0x0000000000003736        0xc ./gecko_sdk_4.4.0/platform/emlib/src/em_cmu.o
                0x0000000000003736                CMU_UpdateWaitStates
 .text.pclkDivMax
                0x0000000000003742        0xa ./gecko_sdk_4.4.0/platform/emlib/src/em_cmu.o
 .text.sli_em_cmu_SYSCLKInitPostClockSelect
                0x000000000000374c       0x2a ./gecko_sdk_4.4.0/platform/emlib/src/em_cmu.o
                0x000000000000374c                sli_em_cmu_SYSCLKInitPostClockSelect
 .text.CORE_EnterCritical
                0x0000000000003776        0x8 ./gecko_sdk_4.4.0/platform/emlib/src/em_core.o
                0x0000000000003776                CORE_EnterCritical
 .text.CORE_ExitCritical
                0x000000000000377e        0x6 ./gecko_sdk_4.4.0/platform/emlib/src/em_core.o
                0x000000000000377e                CORE_ExitCritical
 .text.CORE_EnterAtomic
                0x0000000000003784        0xc ./gecko_sdk_4.4.0/platform/emlib/src/em_core.o
                0x0000000000003784                CORE_EnterAtomic
 .text.CORE_ExitAtomic
                0x0000000000003790        0x6 ./gecko_sdk_4.4.0/platform/emlib/src/em_core.o
                0x0000000000003790                CORE_ExitAtomic
 .text.EMU_EFPEM01VScale
                0x0000000000003796        0x2 ./gecko_sdk_4.4.0/platform/emlib/src/em_emu.o
                0x0000000000003796                EMU_EFPEM01VScale
 .text.EMU_DCDCUpdatedHook
                0x0000000000003798        0x2 ./gecko_sdk_4.4.0/platform/emlib/src/em_emu.o
                0x0000000000003798                EMU_DCDCUpdatedHook
 .text.BUS_RegMaskedWrite
                0x000000000000379a       0x1e ./gecko_sdk_4.4.0/platform/emlib/src/em_gpio.o
 .text.GPIO_DbgLocationSet
                0x00000000000037b8        0x2 ./gecko_sdk_4.4.0/platform/emlib/src/em_gpio.o
                0x00000000000037b8                GPIO_DbgLocationSet
 .text.USART_Rx
                0x00000000000037ba        0xc ./gecko_sdk_4.4.0/platform/emlib/src/em_usart.o
                0x00000000000037ba                USART_Rx
 .text.USART_Tx
                0x00000000000037c6        0xa ./gecko_sdk_4.4.0/platform/emlib/src/em_usart.o
                0x00000000000037c6                USART_Tx
 .text.sl_iostream_write
                0x00000000000037d0       0x22 ./gecko_sdk_4.4.0/platform/service/iostream/src/sl_iostream.o
                0x00000000000037d0                sl_iostream_write
 .text.sl_iostream_read
                0x00000000000037f2       0x30 ./gecko_sdk_4.4.0/platform/service/iostream/src/sl_iostream.o
                0x00000000000037f2                sl_iostream_read
 .text._close   0x0000000000003822        0x4 ./gecko_sdk_4.4.0/platform/service/iostream/src/sl_iostream_retarget_stdio.o
                0x0000000000003822                _close
 .text._exit    0x0000000000003826        0x2 ./gecko_sdk_4.4.0/platform/service/iostream/src/sl_iostream_retarget_stdio.o
                0x0000000000003826                _exit
 .text._fstat   0x0000000000003828        0xa ./gecko_sdk_4.4.0/platform/service/iostream/src/sl_iostream_retarget_stdio.o
                0x0000000000003828                _fstat
 .text._isatty  0x0000000000003832        0x4 ./gecko_sdk_4.4.0/platform/service/iostream/src/sl_iostream_retarget_stdio.o
                0x0000000000003832                _isatty
 .text._lseek   0x0000000000003836        0x4 ./gecko_sdk_4.4.0/platform/service/iostream/src/sl_iostream_retarget_stdio.o
                0x0000000000003836                _lseek
 .text._read    0x000000000000383a       0x1c ./gecko_sdk_4.4.0/platform/service/iostream/src/sl_iostream_retarget_stdio.o
                0x000000000000383a                _read
 .text.set_auto_cr_lf
                0x0000000000003856        0x6 ./gecko_sdk_4.4.0/platform/service/iostream/src/sl_iostream_uart.o
 .text.get_auto_cr_lf
                0x000000000000385c        0x6 ./gecko_sdk_4.4.0/platform/service/iostream/src/sl_iostream_uart.o
 .text.usart_set_next_byte_detect
                0x0000000000003862        0xc ./gecko_sdk_4.4.0/platform/service/iostream/src/sl_iostream_usart.o
 .text.usart_deinit
                0x000000000000386e       0x78 ./gecko_sdk_4.4.0/platform/service/iostream/src/sl_iostream_usart.o
 .text.usart_tx
                0x00000000000038e6        0xc ./gecko_sdk_4.4.0/platform/service/iostream/src/sl_iostream_usart.o
 .text.sl_iostream_usart_irq_handler
                0x00000000000038f2       0x70 ./gecko_sdk_4.4.0/platform/service/iostream/src/sl_iostream_usart.o
                0x00000000000038f2                sl_iostream_usart_irq_handler
 .text.sl_system_init
                0x0000000000003962       0x1a ./gecko_sdk_4.4.0/platform/service/system/src/sl_system_init.o
                0x0000000000003962                sl_system_init
 .text.sl_system_process_action
                0x000000000000397c       0x16 ./gecko_sdk_4.4.0/platform/service/system/src/sl_system_process_action.o
                0x000000000000397c                sl_system_process_action
 .text.__sfputc_r
                0x0000000000003992       0x2e /home/aatir/SimplicityStudio_v5/developer/toolchains/gnu_arm/12.2.rel1_2023.7/bin/../lib/gcc/arm-none-eabi/12.2.1/../../../../arm-none-eabi/lib/thumb/v8-m.main+fp/hard/libc_nano.a(libc_a-nano-vfprintf.o)
 .text.__sfputs_r
                0x00000000000039c0       0x24 /home/aatir/SimplicityStudio_v5/developer/toolchains/gnu_arm/12.2.rel1_2023.7/bin/../lib/gcc/arm-none-eabi/12.2.1/../../../../arm-none-eabi/lib/thumb/v8-m.main+fp/hard/libc_nano.a(libc_a-nano-vfprintf.o)
                0x00000000000039c0                __sfputs_r
 .text.__swbuf_r
                0x00000000000039e4       0x7c /home/aatir/SimplicityStudio_v5/developer/toolchains/gnu_arm/12.2.rel1_2023.7/bin/../lib/gcc/arm-none-eabi/12.2.1/../../../../arm-none-eabi/lib/thumb/v8-m.main+fp/hard/libc_nano.a(libc_a-wbuf.o)
                0x00000000000039e4                __swbuf_r
 .text._printf_common
                0x0000000000003a60       0xe4 /home/aatir/SimplicityStudio_v5/developer/toolchains/gnu_arm/12.2.rel1_2023.7/bin/../lib/gcc/arm-none-eabi/12.2.1/../../../../arm-none-eabi/lib/thumb/v8-m.main+fp/hard/libc_nano.a(libc_a-nano-vfprintf_i.o)
                0x0000000000003a60                _printf_common
 .text._puts_r  0x0000000000003b44       0xaa /home/aatir/SimplicityStudio_v5/developer/toolchains/gnu_arm/12.2.rel1_2023.7/bin/../lib/gcc/arm-none-eabi/12.2.1/../../../../arm-none-eabi/lib/thumb/v8-m.main+fp/hard/libc_nano.a(libc_a-puts.o)
                0x0000000000003b44                _puts_r
 .text.__sflush_r
                0x0000000000003bee      0x106 /home/aatir/SimplicityStudio_v5/developer/toolchains/gnu_arm/12.2.rel1_2023.7/bin/../lib/gcc/arm-none-eabi/12.2.1/../../../../arm-none-eabi/lib/thumb/v8-m.main+fp/hard/libc_nano.a(libc_a-fflush.o)
                0x0000000000003bee                __sflush_r
 .text._fflush_r
                0x0000000000003cf4       0x50 /home/aatir/SimplicityStudio_v5/developer/toolchains/gnu_arm/12.2.rel1_2023.7/bin/../lib/gcc/arm-none-eabi/12.2.1/../../../../arm-none-eabi/lib/thumb/v8-m.main+fp/hard/libc_nano.a(libc_a-fflush.o)
                0x0000000000003cf4                _fflush_r
 .text.memchr   0x0000000000003d44       0x1c /home/aatir/SimplicityStudio_v5/developer/toolchains/gnu_arm/12.2.rel1_2023.7/bin/../lib/gcc/arm-none-eabi/12.2.1/../../../../arm-none-eabi/lib/thumb/v8-m.main+fp/hard/libc_nano.a(libc_a-memchr-stub.o)
                0x0000000000003d44                memchr
 .text.memcpy   0x0000000000003d60       0x1a /home/aatir/SimplicityStudio_v5/developer/toolchains/gnu_arm/12.2.rel1_2023.7/bin/../lib/gcc/arm-none-eabi/12.2.1/../../../../arm-none-eabi/lib/thumb/v8-m.main+fp/hard/libc_nano.a(libc_a-memcpy-stub.o)
                0x0000000000003d60                memcpy
 .text.__sread  0x0000000000003d7a       0x22 /home/aatir/SimplicityStudio_v5/developer/toolchains/gnu_arm/12.2.rel1_2023.7/bin/../lib/gcc/arm-none-eabi/12.2.1/../../../../arm-none-eabi/lib/thumb/v8-m.main+fp/hard/libc_nano.a(libc_a-stdio.o)
                0x0000000000003d7a                __sread
 .text.__swrite
                0x0000000000003d9c       0x38 /home/aatir/SimplicityStudio_v5/developer/toolchains/gnu_arm/12.2.rel1_2023.7/bin/../lib/gcc/arm-none-eabi/12.2.1/../../../../arm-none-eabi/lib/thumb/v8-m.main+fp/hard/libc_nano.a(libc_a-stdio.o)
                0x0000000000003d9c                __swrite
 .text.__sseek  0x0000000000003dd4       0x24 /home/aatir/SimplicityStudio_v5/developer/toolchains/gnu_arm/12.2.rel1_2023.7/bin/../lib/gcc/arm-none-eabi/12.2.1/../../../../arm-none-eabi/lib/thumb/v8-m.main+fp/hard/libc_nano.a(libc_a-stdio.o)
                0x0000000000003dd4                __sseek
 .text.__sclose
                0x0000000000003df8        0x8 /home/aatir/SimplicityStudio_v5/developer/toolchains/gnu_arm/12.2.rel1_2023.7/bin/../lib/gcc/arm-none-eabi/12.2.1/../../../../arm-none-eabi/lib/thumb/v8-m.main+fp/hard/libc_nano.a(libc_a-stdio.o)
                0x0000000000003df8                __sclose
 .text._fwalk_sglue
                0x0000000000003e00       0x3c /home/aatir/SimplicityStudio_v5/developer/toolchains/gnu_arm/12.2.rel1_2023.7/bin/../lib/gcc/arm-none-eabi/12.2.1/../../../../arm-none-eabi/lib/thumb/v8-m.main+fp/hard/libc_nano.a(libc_a-fwalk.o)
                0x0000000000003e00                _fwalk_sglue
 .text._getc_r  0x0000000000003e3c       0x56 /home/aatir/SimplicityStudio_v5/developer/toolchains/gnu_arm/12.2.rel1_2023.7/bin/../lib/gcc/arm-none-eabi/12.2.1/../../../../arm-none-eabi/lib/thumb/v8-m.main+fp/hard/libc_nano.a(libc_a-getc.o)
                0x0000000000003e3c                _getc_r
 .text.memset   0x0000000000003e92       0x10 /home/aatir/SimplicityStudio_v5/developer/toolchains/gnu_arm/12.2.rel1_2023.7/bin/../lib/gcc/arm-none-eabi/12.2.1/../../../../arm-none-eabi/lib/thumb/v8-m.main+fp/hard/libc_nano.a(libc_a-memset.o)
                0x0000000000003e92                memset
 .text.__retarget_lock_init_recursive
                0x0000000000003ea2        0x2 /home/aatir/SimplicityStudio_v5/developer/toolchains/gnu_arm/12.2.rel1_2023.7/bin/../lib/gcc/arm-none-eabi/12.2.1/../../../../arm-none-eabi/lib/thumb/v8-m.main+fp/hard/libc_nano.a(libc_a-lock.o)
                0x0000000000003ea2                __retarget_lock_init_recursive
 .text.__retarget_lock_acquire_recursive
                0x0000000000003ea4        0x2 /home/aatir/SimplicityStudio_v5/developer/toolchains/gnu_arm/12.2.rel1_2023.7/bin/../lib/gcc/arm-none-eabi/12.2.1/../../../../arm-none-eabi/lib/thumb/v8-m.main+fp/hard/libc_nano.a(libc_a-lock.o)
                0x0000000000003ea4                __retarget_lock_acquire_recursive
 .text.__retarget_lock_release_recursive
                0x0000000000003ea6        0x2 /home/aatir/SimplicityStudio_v5/developer/toolchains/gnu_arm/12.2.rel1_2023.7/bin/../lib/gcc/arm-none-eabi/12.2.1/../../../../arm-none-eabi/lib/thumb/v8-m.main+fp/hard/libc_nano.a(libc_a-lock.o)
                0x0000000000003ea6                __retarget_lock_release_recursive
 .text.__swhatbuf_r
                0x0000000000003ea8       0x4a /home/aatir/SimplicityStudio_v5/developer/toolchains/gnu_arm/12.2.rel1_2023.7/bin/../lib/gcc/arm-none-eabi/12.2.1/../../../../arm-none-eabi/lib/thumb/v8-m.main+fp/hard/libc_nano.a(libc_a-makebuf.o)
                0x0000000000003ea8                __swhatbuf_r
 .text.__smakebuf_r
                0x0000000000003ef2       0x78 /home/aatir/SimplicityStudio_v5/developer/toolchains/gnu_arm/12.2.rel1_2023.7/bin/../lib/gcc/arm-none-eabi/12.2.1/../../../../arm-none-eabi/lib/thumb/v8-m.main+fp/hard/libc_nano.a(libc_a-makebuf.o)
                0x0000000000003ef2                __smakebuf_r
 .text._putc_r  0x0000000000003f6a       0x68 /home/aatir/SimplicityStudio_v5/developer/toolchains/gnu_arm/12.2.rel1_2023.7/bin/../lib/gcc/arm-none-eabi/12.2.1/../../../../arm-none-eabi/lib/thumb/v8-m.main+fp/hard/libc_nano.a(libc_a-putc.o)
                0x0000000000003f6a                _putc_r
 .text.__srget_r
                0x0000000000003fd2       0x30 /home/aatir/SimplicityStudio_v5/developer/toolchains/gnu_arm/12.2.rel1_2023.7/bin/../lib/gcc/arm-none-eabi/12.2.1/../../../../arm-none-eabi/lib/thumb/v8-m.main+fp/hard/libc_nano.a(libc_a-rget.o)
                0x0000000000003fd2                __srget_r
                0x0000000000004020                . = ALIGN (0x20)
 *fill*         0x0000000000004002       0x1e 
                0x0000000000004020                linker_code_end = .
 *(.init)
 .init          0x0000000000004020        0x4 /home/aatir/SimplicityStudio_v5/developer/toolchains/gnu_arm/12.2.rel1_2023.7/bin/../lib/gcc/arm-none-eabi/12.2.1/thumb/v8-m.main+fp/hard/crti.o
                0x0000000000004020                _init
 .init          0x0000000000004024        0x8 /home/aatir/SimplicityStudio_v5/developer/toolchains/gnu_arm/12.2.rel1_2023.7/bin/../lib/gcc/arm-none-eabi/12.2.1/thumb/v8-m.main+fp/hard/crtn.o
 *(.fini)
 .fini          0x000000000000402c        0x4 /home/aatir/SimplicityStudio_v5/developer/toolchains/gnu_arm/12.2.rel1_2023.7/bin/../lib/gcc/arm-none-eabi/12.2.1/thumb/v8-m.main+fp/hard/crti.o
                0x000000000000402c                _fini
 .fini          0x0000000000004030        0x8 /home/aatir/SimplicityStudio_v5/developer/toolchains/gnu_arm/12.2.rel1_2023.7/bin/../lib/gcc/arm-none-eabi/12.2.1/thumb/v8-m.main+fp/hard/crtn.o
 *crtbegin.o(.ctors)
 *crtbegin?.o(.ctors)
 *(EXCLUDE_FILE(*crtend.o *crtend?.o) .ctors)
 *(SORT_BY_NAME(.ctors.*))
 *(.ctors)
 *crtbegin.o(.dtors)
 *crtbegin?.o(.dtors)
 *(EXCLUDE_FILE(*crtend.o *crtend?.o) .dtors)
 *(SORT_BY_NAME(.dtors.*))
 *(.dtors)
                0x0000000000004038                __code_classification_validator_start__ = .
                0x0000000000004058                . = (. + 0x20)
 *fill*         0x0000000000004038       0x20 
 *(code_classification_validator)
                0x0000000000004060                . = ALIGN (0x20)
 *fill*         0x0000000000004058        0x8 
                0x0000000000004060                __code_classification_validator_end__ = .
 *(.rodata*)
 .rodata.app_iostream_usart_init.str1.1
                0x0000000000004060       0x93 ./app_iostream_usart.o
 .rodata.app_iostream_usart_process_action.str1.1
                0x00000000000040f3       0x14 ./app_iostream_usart.o
                                         0x17 (size before relaxing)
 *fill*         0x0000000000004107        0x1 
 .rodata        0x0000000000004108       0x1c ./app_usart.o
 .rodata.sl_iostream_usart_init_vcom.str1.1
                0x0000000000004124       0x2e ./autogen/sl_iostream_init_usart_instances.o
 *fill*         0x0000000000004152        0x2 
 .rodata        0x0000000000004154       0x1c ./autogen/sl_iostream_init_usart_instances.o
 .rodata        0x0000000000004170        0x4 ./gecko_sdk_4.4.0/platform/emdrv/dmadrv/src/dmadrv.o
 .rodata.HFRCODPLLDevinfoGet.str1.1
                0x0000000000004174       0x32 ./gecko_sdk_4.4.0/platform/emlib/src/em_cmu.o
 .rodata.EMU_VScaleEM01.str1.1
                0x00000000000041a6       0x32 ./gecko_sdk_4.4.0/platform/emlib/src/em_emu.o
 .rodata.GPIO_PinOutSet.str1.1
                0x00000000000041d8       0x34 ./gecko_sdk_4.4.0/platform/emlib/src/em_gpio.o
 .rodata.GPIO_ExtIntConfig.str1.1
                0x000000000000420c       0x33 ./gecko_sdk_4.4.0/platform/emlib/src/em_gpio.o
 *fill*         0x000000000000423f        0x1 
 .rodata.CSWTCH.31
                0x0000000000004240        0x8 ./gecko_sdk_4.4.0/platform/emlib/src/em_gpio.o
 .rodata.LDMA_EnableChannelRequest.str1.1
                0x0000000000004248       0x66 ./gecko_sdk_4.4.0/platform/emlib/src/em_ldma.o
 .rodata.USART_BaudrateAsyncSet.str1.1
                0x00000000000042ae       0x34 ./gecko_sdk_4.4.0/platform/emlib/src/em_usart.o
 .rodata        0x00000000000042e2        0x8 ./gecko_sdk_4.4.0/platform/service/device_init/src/sl_device_init_dcdc_s2.o
 *fill*         0x00000000000042ea        0x2 
 .rodata        0x00000000000042ec       0x28 ./gecko_sdk_4.4.0/platform/service/device_init/src/sl_device_init_hfxo_s2.o
 .rodata        0x0000000000004314       0x14 ./gecko_sdk_4.4.0/platform/service/device_init/src/sl_device_init_lfxo_s2.o
 .rodata._write.str1.1
                0x0000000000004328       0x51 ./gecko_sdk_4.4.0/platform/service/iostream/src/sl_iostream_retarget_stdio.o
 .rodata.get_write_ptr.str1.1
                0x0000000000004379       0x47 ./gecko_sdk_4.4.0/platform/service/iostream/src/sl_iostream_uart.o
 .rodata._vfprintf_r.str1.1
                0x00000000000043c0       0x11 /home/aatir/SimplicityStudio_v5/developer/toolchains/gnu_arm/12.2.rel1_2023.7/bin/../lib/gcc/arm-none-eabi/12.2.1/../../../../arm-none-eabi/lib/thumb/v8-m.main+fp/hard/libc_nano.a(libc_a-nano-vfprintf.o)
 .rodata._printf_i.str1.1
                0x00000000000043d1       0x22 /home/aatir/SimplicityStudio_v5/developer/toolchains/gnu_arm/12.2.rel1_2023.7/bin/../lib/gcc/arm-none-eabi/12.2.1/../../../../arm-none-eabi/lib/thumb/v8-m.main+fp/hard/libc_nano.a(libc_a-nano-vfprintf_i.o)
 *(.eh_frame*)
 *fill*         0x00000000000043f3        0x1 
 .eh_frame      0x00000000000043f4        0x0 /home/aatir/SimplicityStudio_v5/developer/toolchains/gnu_arm/12.2.rel1_2023.7/bin/../lib/gcc/arm-none-eabi/12.2.1/thumb/v8-m.main+fp/hard/crtbegin.o

.glue_7         0x00000000000043f4        0x0
 .glue_7        0x00000000000043f4        0x0 linker stubs

.glue_7t        0x00000000000043f4        0x0
 .glue_7t       0x00000000000043f4        0x0 linker stubs

.vfp11_veneer   0x00000000000043f4        0x0
 .vfp11_veneer  0x00000000000043f4        0x0 linker stubs

.v4_bx          0x00000000000043f4        0x0
 .v4_bx         0x00000000000043f4        0x0 linker stubs

.iplt           0x00000000000043f4        0x0
 .iplt          0x00000000000043f4        0x0 /home/aatir/SimplicityStudio_v5/developer/toolchains/gnu_arm/12.2.rel1_2023.7/bin/../lib/gcc/arm-none-eabi/12.2.1/thumb/v8-m.main+fp/hard/crtbegin.o

.ARM.extab
 *(.ARM.extab* .gnu.linkonce.armextab.*)
                0x00000000000043f4                __exidx_start = .

.ARM.exidx      0x00000000000043f4        0x8
 *(.ARM.exidx* .gnu.linkonce.armexidx.*)
 .ARM.exidx     0x00000000000043f4        0x8 /home/aatir/SimplicityStudio_v5/developer/toolchains/gnu_arm/12.2.rel1_2023.7/bin/../lib/gcc/arm-none-eabi/12.2.1/../../../../arm-none-eabi/lib/thumb/v8-m.main+fp/hard/crt0.o
                                         0x10 (size before relaxing)
                0x00000000000043fc                __exidx_end = .

.rel.dyn        0x00000000000043fc        0x0
 .rel.iplt      0x00000000000043fc        0x0 /home/aatir/SimplicityStudio_v5/developer/toolchains/gnu_arm/12.2.rel1_2023.7/bin/../lib/gcc/arm-none-eabi/12.2.1/thumb/v8-m.main+fp/hard/crtbegin.o

.copy.table     0x00000000000043fc        0xc
                0x00000000000043fc                . = ALIGN (0x4)
                0x00000000000043fc                __copy_table_start__ = .
                0x00000000000043fc        0x4 LONG 0x4408 __etext
                0x0000000000004400        0x4 LONG 0x20001000 __data_start__
                0x0000000000004404        0x4 LONG 0x21 ((__data_end__ - __data_start__) / 0x4)
                0x0000000000004408                __copy_table_end__ = .

.zero.table     0x0000000000004408        0x0
                0x0000000000004408                . = ALIGN (0x4)
                0x0000000000004408                __zero_table_start__ = .
                0x0000000000004408                __zero_table_end__ = .
                0x0000000000004408                __etext = .
                0x0000000020000000                . = ORIGIN (RAM)

.stack          0x0000000020000000     0x1000
                0x0000000020000000                __StackLimit = .
 *(.stack*)
 .stack         0x0000000020000000     0x1000 ./gecko_sdk_4.4.0/platform/common/toolchain/src/sl_memory.o
                0x0000000020001000                . = ALIGN (0x4)
                0x0000000020001000                __StackTop = .
                0x0000000020001000                PROVIDE (__stack = __StackTop)

.noinit
 *(.noinit*)

.data           0x0000000020001000       0x84 load address 0x0000000000004408
                0x0000000020001000                . = ALIGN (0x4)
                0x0000000020001000                __data_start__ = .
 *(vtable)
 *(SORT_BY_ALIGNMENT(.data*))
 .data.sl_iostream_vcom_handle
                0x0000000020001000        0x4 ./autogen/sl_iostream_init_usart_instances.o
                0x0000000020001000                sl_iostream_vcom_handle
 .data.SystemCoreClock
                0x0000000020001004        0x4 ./gecko_sdk_4.4.0/platform/Device/SiliconLabs/BGM22/Source/system_bgm22.o
                0x0000000020001004                SystemCoreClock
 .data.SystemHFRCODPLLClock
                0x0000000020001008        0x4 ./gecko_sdk_4.4.0/platform/Device/SiliconLabs/BGM22/Source/system_bgm22.o
 .data.SystemLFXOClock
                0x000000002000100c        0x4 ./gecko_sdk_4.4.0/platform/Device/SiliconLabs/BGM22/Source/system_bgm22.o
 .data.SystemHFXOClock
                0x0000000020001010        0x4 ./gecko_sdk_4.4.0/platform/Device/SiliconLabs/BGM22/Source/system_bgm22.o
 .data.heap_end.0
                0x0000000020001014        0x4 ./gecko_sdk_4.4.0/platform/common/toolchain/src/sl_memory.o
 .data._impure_ptr
                0x0000000020001018        0x4 /home/aatir/SimplicityStudio_v5/developer/toolchains/gnu_arm/12.2.rel1_2023.7/bin/../lib/gcc/arm-none-eabi/12.2.1/../../../../arm-none-eabi/lib/thumb/v8-m.main+fp/hard/libc_nano.a(libc_a-impure.o)
                0x0000000020001018                _impure_ptr
 .data._impure_data
                0x000000002000101c       0x4c /home/aatir/SimplicityStudio_v5/developer/toolchains/gnu_arm/12.2.rel1_2023.7/bin/../lib/gcc/arm-none-eabi/12.2.1/../../../../arm-none-eabi/lib/thumb/v8-m.main+fp/hard/libc_nano.a(libc_a-impure.o)
                0x000000002000101c                _impure_data
 .data.__sglue  0x0000000020001068        0xc /home/aatir/SimplicityStudio_v5/developer/toolchains/gnu_arm/12.2.rel1_2023.7/bin/../lib/gcc/arm-none-eabi/12.2.1/../../../../arm-none-eabi/lib/thumb/v8-m.main+fp/hard/libc_nano.a(libc_a-findfp.o)
                0x0000000020001068                __sglue
 .data.hfxo_precision
                0x0000000020001074        0x2 ./gecko_sdk_4.4.0/platform/emlib/src/em_cmu.o
 .data.lfxo_precision
                0x0000000020001076        0x2 ./gecko_sdk_4.4.0/platform/emlib/src/em_cmu.o
 .data.print_welcome.1
                0x0000000020001078        0x1 ./app_iostream_usart.o
                0x000000002000107c                . = ALIGN (0x4)
 *fill*         0x0000000020001079        0x3 
                [!provide]                        PROVIDE (__ram_func_section_start = .)
 *(.ram)
                [!provide]                        PROVIDE (__ram_func_section_end = .)
                0x000000002000107c                . = ALIGN (0x4)
                0x000000002000107c                PROVIDE (__preinit_array_start = .)
 *(.preinit_array)
                0x000000002000107c                PROVIDE (__preinit_array_end = .)
                0x000000002000107c                . = ALIGN (0x4)
                0x000000002000107c                PROVIDE (__init_array_start = .)
 *(SORT_BY_NAME(.init_array.*))
 *(.init_array)
 .init_array    0x000000002000107c        0x4 /home/aatir/SimplicityStudio_v5/developer/toolchains/gnu_arm/12.2.rel1_2023.7/bin/../lib/gcc/arm-none-eabi/12.2.1/thumb/v8-m.main+fp/hard/crtbegin.o
                0x0000000020001080                PROVIDE (__init_array_end = .)
                0x0000000020001080                . = ALIGN (0x4)
                [!provide]                        PROVIDE (__fini_array_start = .)
 *(SORT_BY_NAME(.fini_array.*))
 *(.fini_array)
 .fini_array    0x0000000020001080        0x4 /home/aatir/SimplicityStudio_v5/developer/toolchains/gnu_arm/12.2.rel1_2023.7/bin/../lib/gcc/arm-none-eabi/12.2.1/thumb/v8-m.main+fp/hard/crtbegin.o
                [!provide]                        PROVIDE (__fini_array_end = .)
                0x0000000020001084                . = ALIGN (0x4)
                0x0000000020001084                __data_end__ = .

.tm_clone_table
                0x0000000020001084        0x0 load address 0x000000000000448c
 .tm_clone_table
                0x0000000020001084        0x0 /home/aatir/SimplicityStudio_v5/developer/toolchains/gnu_arm/12.2.rel1_2023.7/bin/../lib/gcc/arm-none-eabi/12.2.1/thumb/v8-m.main+fp/hard/crtbegin.o
 .tm_clone_table
                0x0000000020001084        0x0 /home/aatir/SimplicityStudio_v5/developer/toolchains/gnu_arm/12.2.rel1_2023.7/bin/../lib/gcc/arm-none-eabi/12.2.1/thumb/v8-m.main+fp/hard/crtend.o

.igot.plt       0x0000000020001084        0x0 load address 0x000000000000448c
 .igot.plt      0x0000000020001084        0x0 /home/aatir/SimplicityStudio_v5/developer/toolchains/gnu_arm/12.2.rel1_2023.7/bin/../lib/gcc/arm-none-eabi/12.2.1/thumb/v8-m.main+fp/hard/crtbegin.o

.bss            0x0000000020001084      0x3f0 load address 0x000000000000448c
                0x0000000020001084                . = ALIGN (0x4)
                0x0000000020001084                __bss_start__ = .
 *(SORT_BY_ALIGNMENT(.bss*))
 .bss.object.0  0x0000000020001084       0x18 /home/aatir/SimplicityStudio_v5/developer/toolchains/gnu_arm/12.2.rel1_2023.7/bin/../lib/gcc/arm-none-eabi/12.2.1/thumb/v8-m.main+fp/hard/crtbegin.o
 .bss.context_vcom
                0x000000002000109c       0x4c ./autogen/sl_iostream_init_usart_instances.o
 .bss.sl_iostream_vcom
                0x00000000200010e8       0x18 ./autogen/sl_iostream_init_usart_instances.o
 .bss.dmaXfer   0x0000000020001100      0x100 ./gecko_sdk_4.4.0/platform/emdrv/dmadrv/src/dmadrv.o
 .bss.chTable   0x0000000020001200       0x80 ./gecko_sdk_4.4.0/platform/emdrv/dmadrv/src/dmadrv.o
 .bss.sli_iostream_default
                0x0000000020001280        0x4 ./gecko_sdk_4.4.0/platform/service/iostream/src/sl_iostream.o
 .bss.__sf      0x0000000020001284      0x138 /home/aatir/SimplicityStudio_v5/developer/toolchains/gnu_arm/12.2.rel1_2023.7/bin/../lib/gcc/arm-none-eabi/12.2.1/../../../../arm-none-eabi/lib/thumb/v8-m.main+fp/hard/libc_nano.a(libc_a-findfp.o)
                0x0000000020001284                __sf
 .bss.__stdio_exit_handler
                0x00000000200013bc        0x4 /home/aatir/SimplicityStudio_v5/developer/toolchains/gnu_arm/12.2.rel1_2023.7/bin/../lib/gcc/arm-none-eabi/12.2.1/../../../../arm-none-eabi/lib/thumb/v8-m.main+fp/hard/libc_nano.a(libc_a-findfp.o)
                0x00000000200013bc                __stdio_exit_handler
 .bss.errno     0x00000000200013c0        0x4 /home/aatir/SimplicityStudio_v5/developer/toolchains/gnu_arm/12.2.rel1_2023.7/bin/../lib/gcc/arm-none-eabi/12.2.1/../../../../arm-none-eabi/lib/thumb/v8-m.main+fp/hard/libc_nano.a(libc_a-reent.o)
                0x00000000200013c0                errno
 .bss.__malloc_sbrk_start
                0x00000000200013c4        0x4 /home/aatir/SimplicityStudio_v5/developer/toolchains/gnu_arm/12.2.rel1_2023.7/bin/../lib/gcc/arm-none-eabi/12.2.1/../../../../arm-none-eabi/lib/thumb/v8-m.main+fp/hard/libc_nano.a(libc_a-mallocr.o)
                0x00000000200013c4                __malloc_sbrk_start
 .bss.__malloc_free_list
                0x00000000200013c8        0x4 /home/aatir/SimplicityStudio_v5/developer/toolchains/gnu_arm/12.2.rel1_2023.7/bin/../lib/gcc/arm-none-eabi/12.2.1/../../../../arm-none-eabi/lib/thumb/v8-m.main+fp/hard/libc_nano.a(libc_a-mallocr.o)
                0x00000000200013c8                __malloc_free_list
 .bss.completed.1
                0x00000000200013cc        0x1 /home/aatir/SimplicityStudio_v5/developer/toolchains/gnu_arm/12.2.rel1_2023.7/bin/../lib/gcc/arm-none-eabi/12.2.1/thumb/v8-m.main+fp/hard/crtbegin.o
 .bss.index.0   0x00000000200013cd        0x1 ./app_iostream_usart.o
 .bss.buffer    0x00000000200013ce       0x50 ./app_iostream_usart.o
 .bss.rx_buffer_vcom
                0x000000002000141e       0x50 ./autogen/sl_iostream_init_usart_instances.o
 .bss.initialized
                0x000000002000146e        0x1 ./gecko_sdk_4.4.0/platform/emdrv/dmadrv/src/dmadrv.o
 .bss.ctuneDelta
                0x000000002000146f        0x1 ./gecko_sdk_4.4.0/platform/emlib/src/em_cmu.o
 .bss.vScaleEM01Config
                0x0000000020001470        0x1 ./gecko_sdk_4.4.0/platform/emlib/src/em_emu.o
 .bss.__lock___malloc_recursive_mutex
                0x0000000020001471        0x1 /home/aatir/SimplicityStudio_v5/developer/toolchains/gnu_arm/12.2.rel1_2023.7/bin/../lib/gcc/arm-none-eabi/12.2.1/../../../../arm-none-eabi/lib/thumb/v8-m.main+fp/hard/libc_nano.a(libc_a-lock.o)
                0x0000000020001471                __lock___malloc_recursive_mutex
 .bss.__lock___sfp_recursive_mutex
                0x0000000020001472        0x1 /home/aatir/SimplicityStudio_v5/developer/toolchains/gnu_arm/12.2.rel1_2023.7/bin/../lib/gcc/arm-none-eabi/12.2.1/../../../../arm-none-eabi/lib/thumb/v8-m.main+fp/hard/libc_nano.a(libc_a-lock.o)
                0x0000000020001472                __lock___sfp_recursive_mutex
 *(COMMON)
                0x0000000020001474                . = ALIGN (0x4)
 *fill*         0x0000000020001473        0x1 
                0x0000000020001474                __bss_end__ = .
                0x0000000020001474                __ramfuncs_start__ = .
                0x0000000020001474                __vma_ramfuncs_start__ = .
                0x000000000000448c                __lma_ramfuncs_start__ = (__etext + SIZEOF (.data))
                0x0000000000000000                __text_application_ram_offset__ = (. - __vma_ramfuncs_start__)

text_application_ram
                0x0000000020001474        0x0 load address 0x000000000000448c
                0x0000000020001474                . = ALIGN (0x4)
                0x0000000020001474                __text_application_ram_start__ = .
 *(text_application_ram)
                0x0000000020001474                . = ALIGN (0x4)
                0x0000000020001474                __text_application_ram_end__ = .
                0x0000000020001474                . = ALIGN (0x4)
                0x0000000020001474                __vma_ramfuncs_end__ = .
                0x000000000000448c                __lma_ramfuncs_end__ = ((__lma_ramfuncs_start__ + __text_application_ram_offset__) + SIZEOF (text_application_ram))
                0x0000000020001474                __ramfuncs_end__ = .

.heap           0x0000000020001478      0x800
                0x0000000020001478                __HeapBase = .
                0x0000000020001478                __end__ = .
                0x0000000020001478                end = __end__
                0x0000000020001478                _end = __end__
 *(.heap*)
 .heap          0x0000000020001478      0x800 ./gecko_sdk_4.4.0/platform/common/toolchain/src/sl_memory.o
                0x0000000020008000                __HeapLimit = (ORIGIN (RAM) + LENGTH (RAM))
                0x0000000000006b88                __heap_size = (__HeapLimit - __HeapBase)
                0x0000000020008000                __ram_end__ = 0x20008000
                0x000000000007e000                __main_flash_end__ = 0x7e000

.internal_storage
 *(.internal_storage*)

.nvm
 *(.simee*)
                0x000000000007e000                linker_nvm_end = __main_flash_end__
                0x000000000007e000                linker_nvm_begin = (linker_nvm_end - SIZEOF (.nvm))
                0x0000000000000000                linker_nvm_size = SIZEOF (.nvm)
                0x000000000007e000                linker_storage_end = linker_nvm_begin
                0x000000000007e000                __nvm3Base = linker_nvm_begin
                0x000000000007e000                linker_storage_begin = (linker_storage_end - SIZEOF (.internal_storage))
                0x0000000000000000                linker_storage_size = SIZEOF (.internal_storage)
                0x0000000000000001                ASSERT ((linker_storage_begin >= (__etext + SIZEOF (.data))), FLASH memory overflowed !)
OUTPUT(iostream_usart_baremetal.axf elf32-littlearm)
LOAD linker stubs

.ARM.attributes
                0x0000000000000000       0x36
 .ARM.attributes
                0x0000000000000000       0x26 /home/aatir/SimplicityStudio_v5/developer/toolchains/gnu_arm/12.2.rel1_2023.7/bin/../lib/gcc/arm-none-eabi/12.2.1/thumb/v8-m.main+fp/hard/crti.o
 .ARM.attributes
                0x0000000000000026       0x38 /home/aatir/SimplicityStudio_v5/developer/toolchains/gnu_arm/12.2.rel1_2023.7/bin/../lib/gcc/arm-none-eabi/12.2.1/thumb/v8-m.main+fp/hard/crtbegin.o
 .ARM.attributes
                0x000000000000005e       0x24 /home/aatir/SimplicityStudio_v5/developer/toolchains/gnu_arm/12.2.rel1_2023.7/bin/../lib/gcc/arm-none-eabi/12.2.1/../../../../arm-none-eabi/lib/thumb/v8-m.main+fp/hard/crt0.o
 .ARM.attributes
                0x0000000000000082       0x3a ./app.o
 .ARM.attributes
                0x00000000000000bc       0x3a ./app_iostream_usart.o
 .ARM.attributes
                0x00000000000000f6       0x3a ./app_usart.o
 .ARM.attributes
                0x0000000000000130       0x3a ./main.o
 .ARM.attributes
                0x000000000000016a       0x3a ./autogen/sl_board_default_init.o
 .ARM.attributes
                0x00000000000001a4       0x3a ./autogen/sl_device_init_clocks.o
 .ARM.attributes
                0x00000000000001de       0x3a ./autogen/sl_event_handler.o
 .ARM.attributes
                0x0000000000000218       0x3a ./autogen/sl_iostream_init_usart_instances.o
 .ARM.attributes
                0x0000000000000252       0x3a ./gecko_sdk_4.4.0/hardware/board/src/sl_board_control_gpio.o
 .ARM.attributes
                0x000000000000028c       0x3a ./gecko_sdk_4.4.0/hardware/board/src/sl_board_init.o
 .ARM.attributes
                0x00000000000002c6       0x3a ./gecko_sdk_4.4.0/hardware/driver/configuration_over_swo/src/sl_cos.o
 .ARM.attributes
                0x0000000000000300       0x3a ./gecko_sdk_4.4.0/platform/Device/SiliconLabs/BGM22/Source/startup_bgm22.o
 .ARM.attributes
                0x000000000000033a       0x3a ./gecko_sdk_4.4.0/platform/Device/SiliconLabs/BGM22/Source/system_bgm22.o
 .ARM.attributes
                0x0000000000000374       0x3a ./gecko_sdk_4.4.0/platform/common/src/sl_assert.o
 .ARM.attributes
                0x00000000000003ae       0x3a ./gecko_sdk_4.4.0/platform/common/toolchain/src/sl_memory.o
 .ARM.attributes
                0x00000000000003e8       0x3a ./gecko_sdk_4.4.0/platform/driver/debug/src/sl_debug_swo.o
 .ARM.attributes
                0x0000000000000422       0x3a ./gecko_sdk_4.4.0/platform/emdrv/dmadrv/src/dmadrv.o
 .ARM.attributes
                0x000000000000045c       0x3a ./gecko_sdk_4.4.0/platform/emlib/src/em_cmu.o
 .ARM.attributes
                0x0000000000000496       0x3a ./gecko_sdk_4.4.0/platform/emlib/src/em_core.o
 .ARM.attributes
                0x00000000000004d0       0x3a ./gecko_sdk_4.4.0/platform/emlib/src/em_emu.o
 .ARM.attributes
                0x000000000000050a       0x3a ./gecko_sdk_4.4.0/platform/emlib/src/em_gpio.o
 .ARM.attributes
                0x0000000000000544       0x3a ./gecko_sdk_4.4.0/platform/emlib/src/em_ldma.o
 .ARM.attributes
                0x000000000000057e       0x3a ./gecko_sdk_4.4.0/platform/emlib/src/em_system.o
 .ARM.attributes
                0x00000000000005b8       0x3a ./gecko_sdk_4.4.0/platform/emlib/src/em_usart.o
 .ARM.attributes
                0x00000000000005f2       0x3a ./gecko_sdk_4.4.0/platform/service/device_init/src/sl_device_init_dcdc_s2.o
 .ARM.attributes
                0x000000000000062c       0x3a ./gecko_sdk_4.4.0/platform/service/device_init/src/sl_device_init_emu_s2.o
 .ARM.attributes
                0x0000000000000666       0x3a ./gecko_sdk_4.4.0/platform/service/device_init/src/sl_device_init_hfxo_s2.o
 .ARM.attributes
                0x00000000000006a0       0x3a ./gecko_sdk_4.4.0/platform/service/device_init/src/sl_device_init_lfxo_s2.o
 .ARM.attributes
                0x00000000000006da       0x3a ./gecko_sdk_4.4.0/platform/service/device_init/src/sl_device_init_nvic.o
 .ARM.attributes
                0x0000000000000714       0x3a ./gecko_sdk_4.4.0/platform/service/iostream/src/sl_iostream.o
 .ARM.attributes
                0x000000000000074e       0x3a ./gecko_sdk_4.4.0/platform/service/iostream/src/sl_iostream_retarget_stdio.o
 .ARM.attributes
                0x0000000000000788       0x3a ./gecko_sdk_4.4.0/platform/service/iostream/src/sl_iostream_uart.o
 .ARM.attributes
                0x00000000000007c2       0x3a ./gecko_sdk_4.4.0/platform/service/iostream/src/sl_iostream_usart.o
 .ARM.attributes
                0x00000000000007fc       0x3a ./gecko_sdk_4.4.0/platform/service/system/src/sl_system_init.o
 .ARM.attributes
                0x0000000000000836       0x3a ./gecko_sdk_4.4.0/platform/service/system/src/sl_system_process_action.o
 .ARM.attributes
                0x0000000000000870       0x38 /home/aatir/SimplicityStudio_v5/developer/toolchains/gnu_arm/12.2.rel1_2023.7/bin/../lib/gcc/arm-none-eabi/12.2.1/../../../../arm-none-eabi/lib/thumb/v8-m.main+fp/hard/libc_nano.a(libc_a-exit.o)
 .ARM.attributes
                0x00000000000008a8       0x38 /home/aatir/SimplicityStudio_v5/developer/toolchains/gnu_arm/12.2.rel1_2023.7/bin/../lib/gcc/arm-none-eabi/12.2.1/../../../../arm-none-eabi/lib/thumb/v8-m.main+fp/hard/libc_nano.a(libc_a-init.o)
 .ARM.attributes
                0x00000000000008e0       0x38 /home/aatir/SimplicityStudio_v5/developer/toolchains/gnu_arm/12.2.rel1_2023.7/bin/../lib/gcc/arm-none-eabi/12.2.1/../../../../arm-none-eabi/lib/thumb/v8-m.main+fp/hard/libc_nano.a(libc_a-getchar.o)
 .ARM.attributes
                0x0000000000000918       0x38 /home/aatir/SimplicityStudio_v5/developer/toolchains/gnu_arm/12.2.rel1_2023.7/bin/../lib/gcc/arm-none-eabi/12.2.1/../../../../arm-none-eabi/lib/thumb/v8-m.main+fp/hard/libc_nano.a(libc_a-printf.o)
 .ARM.attributes
                0x0000000000000950       0x38 /home/aatir/SimplicityStudio_v5/developer/toolchains/gnu_arm/12.2.rel1_2023.7/bin/../lib/gcc/arm-none-eabi/12.2.1/../../../../arm-none-eabi/lib/thumb/v8-m.main+fp/hard/libc_nano.a(libc_a-nano-vfprintf.o)
 .ARM.attributes
                0x0000000000000988       0x38 /home/aatir/SimplicityStudio_v5/developer/toolchains/gnu_arm/12.2.rel1_2023.7/bin/../lib/gcc/arm-none-eabi/12.2.1/../../../../arm-none-eabi/lib/thumb/v8-m.main+fp/hard/libc_nano.a(libc_a-wbuf.o)
 .ARM.attributes
                0x00000000000009c0       0x38 /home/aatir/SimplicityStudio_v5/developer/toolchains/gnu_arm/12.2.rel1_2023.7/bin/../lib/gcc/arm-none-eabi/12.2.1/../../../../arm-none-eabi/lib/thumb/v8-m.main+fp/hard/libc_nano.a(libc_a-wsetup.o)
 .ARM.attributes
                0x00000000000009f8       0x38 /home/aatir/SimplicityStudio_v5/developer/toolchains/gnu_arm/12.2.rel1_2023.7/bin/../lib/gcc/arm-none-eabi/12.2.1/../../../../arm-none-eabi/lib/thumb/v8-m.main+fp/hard/libc_nano.a(libc_a-putchar.o)
 .ARM.attributes
                0x0000000000000a30       0x38 /home/aatir/SimplicityStudio_v5/developer/toolchains/gnu_arm/12.2.rel1_2023.7/bin/../lib/gcc/arm-none-eabi/12.2.1/../../../../arm-none-eabi/lib/thumb/v8-m.main+fp/hard/libc_nano.a(libc_a-nano-vfprintf_i.o)
 .ARM.attributes
                0x0000000000000a68       0x38 /home/aatir/SimplicityStudio_v5/developer/toolchains/gnu_arm/12.2.rel1_2023.7/bin/../lib/gcc/arm-none-eabi/12.2.1/../../../../arm-none-eabi/lib/thumb/v8-m.main+fp/hard/libc_nano.a(libc_a-puts.o)
 .ARM.attributes
                0x0000000000000aa0       0x38 /home/aatir/SimplicityStudio_v5/developer/toolchains/gnu_arm/12.2.rel1_2023.7/bin/../lib/gcc/arm-none-eabi/12.2.1/../../../../arm-none-eabi/lib/thumb/v8-m.main+fp/hard/libc_nano.a(libc_a-impure.o)
 .ARM.attributes
                0x0000000000000ad8       0x38 /home/aatir/SimplicityStudio_v5/developer/toolchains/gnu_arm/12.2.rel1_2023.7/bin/../lib/gcc/arm-none-eabi/12.2.1/../../../../arm-none-eabi/lib/thumb/v8-m.main+fp/hard/libc_nano.a(libc_a-fflush.o)
 .ARM.attributes
                0x0000000000000b10       0x38 /home/aatir/SimplicityStudio_v5/developer/toolchains/gnu_arm/12.2.rel1_2023.7/bin/../lib/gcc/arm-none-eabi/12.2.1/../../../../arm-none-eabi/lib/thumb/v8-m.main+fp/hard/libc_nano.a(libc_a-memchr-stub.o)
 .ARM.attributes
                0x0000000000000b48       0x38 /home/aatir/SimplicityStudio_v5/developer/toolchains/gnu_arm/12.2.rel1_2023.7/bin/../lib/gcc/arm-none-eabi/12.2.1/../../../../arm-none-eabi/lib/thumb/v8-m.main+fp/hard/libc_nano.a(libc_a-memcpy-stub.o)
 .ARM.attributes
                0x0000000000000b80       0x38 /home/aatir/SimplicityStudio_v5/developer/toolchains/gnu_arm/12.2.rel1_2023.7/bin/../lib/gcc/arm-none-eabi/12.2.1/../../../../arm-none-eabi/lib/thumb/v8-m.main+fp/hard/libc_nano.a(libc_a-findfp.o)
 .ARM.attributes
                0x0000000000000bb8       0x38 /home/aatir/SimplicityStudio_v5/developer/toolchains/gnu_arm/12.2.rel1_2023.7/bin/../lib/gcc/arm-none-eabi/12.2.1/../../../../arm-none-eabi/lib/thumb/v8-m.main+fp/hard/libc_nano.a(libc_a-setvbuf.o)
 .ARM.attributes
                0x0000000000000bf0       0x38 /home/aatir/SimplicityStudio_v5/developer/toolchains/gnu_arm/12.2.rel1_2023.7/bin/../lib/gcc/arm-none-eabi/12.2.1/../../../../arm-none-eabi/lib/thumb/v8-m.main+fp/hard/libc_nano.a(libc_a-stdio.o)
 .ARM.attributes
                0x0000000000000c28       0x38 /home/aatir/SimplicityStudio_v5/developer/toolchains/gnu_arm/12.2.rel1_2023.7/bin/../lib/gcc/arm-none-eabi/12.2.1/../../../../arm-none-eabi/lib/thumb/v8-m.main+fp/hard/libc_nano.a(libc_a-writer.o)
 .ARM.attributes
                0x0000000000000c60       0x38 /home/aatir/SimplicityStudio_v5/developer/toolchains/gnu_arm/12.2.rel1_2023.7/bin/../lib/gcc/arm-none-eabi/12.2.1/../../../../arm-none-eabi/lib/thumb/v8-m.main+fp/hard/libc_nano.a(libc_a-fwalk.o)
 .ARM.attributes
                0x0000000000000c98       0x38 /home/aatir/SimplicityStudio_v5/developer/toolchains/gnu_arm/12.2.rel1_2023.7/bin/../lib/gcc/arm-none-eabi/12.2.1/../../../../arm-none-eabi/lib/thumb/v8-m.main+fp/hard/libc_nano.a(libc_a-getc.o)
 .ARM.attributes
                0x0000000000000cd0       0x38 /home/aatir/SimplicityStudio_v5/developer/toolchains/gnu_arm/12.2.rel1_2023.7/bin/../lib/gcc/arm-none-eabi/12.2.1/../../../../arm-none-eabi/lib/thumb/v8-m.main+fp/hard/libc_nano.a(libc_a-memset.o)
 .ARM.attributes
                0x0000000000000d08       0x38 /home/aatir/SimplicityStudio_v5/developer/toolchains/gnu_arm/12.2.rel1_2023.7/bin/../lib/gcc/arm-none-eabi/12.2.1/../../../../arm-none-eabi/lib/thumb/v8-m.main+fp/hard/libc_nano.a(libc_a-freer.o)
 .ARM.attributes
                0x0000000000000d40       0x38 /home/aatir/SimplicityStudio_v5/developer/toolchains/gnu_arm/12.2.rel1_2023.7/bin/../lib/gcc/arm-none-eabi/12.2.1/../../../../arm-none-eabi/lib/thumb/v8-m.main+fp/hard/libc_nano.a(libc_a-lock.o)
 .ARM.attributes
                0x0000000000000d78       0x38 /home/aatir/SimplicityStudio_v5/developer/toolchains/gnu_arm/12.2.rel1_2023.7/bin/../lib/gcc/arm-none-eabi/12.2.1/../../../../arm-none-eabi/lib/thumb/v8-m.main+fp/hard/libc_nano.a(libc_a-makebuf.o)
 .ARM.attributes
                0x0000000000000db0       0x38 /home/aatir/SimplicityStudio_v5/developer/toolchains/gnu_arm/12.2.rel1_2023.7/bin/../lib/gcc/arm-none-eabi/12.2.1/../../../../arm-none-eabi/lib/thumb/v8-m.main+fp/hard/libc_nano.a(libc_a-putc.o)
 .ARM.attributes
                0x0000000000000de8       0x38 /home/aatir/SimplicityStudio_v5/developer/toolchains/gnu_arm/12.2.rel1_2023.7/bin/../lib/gcc/arm-none-eabi/12.2.1/../../../../arm-none-eabi/lib/thumb/v8-m.main+fp/hard/libc_nano.a(libc_a-closer.o)
 .ARM.attributes
                0x0000000000000e20       0x38 /home/aatir/SimplicityStudio_v5/developer/toolchains/gnu_arm/12.2.rel1_2023.7/bin/../lib/gcc/arm-none-eabi/12.2.1/../../../../arm-none-eabi/lib/thumb/v8-m.main+fp/hard/libc_nano.a(libc_a-reent.o)
 .ARM.attributes
                0x0000000000000e58       0x38 /home/aatir/SimplicityStudio_v5/developer/toolchains/gnu_arm/12.2.rel1_2023.7/bin/../lib/gcc/arm-none-eabi/12.2.1/../../../../arm-none-eabi/lib/thumb/v8-m.main+fp/hard/libc_nano.a(libc_a-rget.o)
 .ARM.attributes
                0x0000000000000e90       0x38 /home/aatir/SimplicityStudio_v5/developer/toolchains/gnu_arm/12.2.rel1_2023.7/bin/../lib/gcc/arm-none-eabi/12.2.1/../../../../arm-none-eabi/lib/thumb/v8-m.main+fp/hard/libc_nano.a(libc_a-malloc.o)
 .ARM.attributes
                0x0000000000000ec8       0x38 /home/aatir/SimplicityStudio_v5/developer/toolchains/gnu_arm/12.2.rel1_2023.7/bin/../lib/gcc/arm-none-eabi/12.2.1/../../../../arm-none-eabi/lib/thumb/v8-m.main+fp/hard/libc_nano.a(libc_a-mallocr.o)
 .ARM.attributes
                0x0000000000000f00       0x38 /home/aatir/SimplicityStudio_v5/developer/toolchains/gnu_arm/12.2.rel1_2023.7/bin/../lib/gcc/arm-none-eabi/12.2.1/../../../../arm-none-eabi/lib/thumb/v8-m.main+fp/hard/libc_nano.a(libc_a-fstatr.o)
 .ARM.attributes
                0x0000000000000f38       0x38 /home/aatir/SimplicityStudio_v5/developer/toolchains/gnu_arm/12.2.rel1_2023.7/bin/../lib/gcc/arm-none-eabi/12.2.1/../../../../arm-none-eabi/lib/thumb/v8-m.main+fp/hard/libc_nano.a(libc_a-isattyr.o)
 .ARM.attributes
                0x0000000000000f70       0x38 /home/aatir/SimplicityStudio_v5/developer/toolchains/gnu_arm/12.2.rel1_2023.7/bin/../lib/gcc/arm-none-eabi/12.2.1/../../../../arm-none-eabi/lib/thumb/v8-m.main+fp/hard/libc_nano.a(libc_a-lseekr.o)
 .ARM.attributes
                0x0000000000000fa8       0x38 /home/aatir/SimplicityStudio_v5/developer/toolchains/gnu_arm/12.2.rel1_2023.7/bin/../lib/gcc/arm-none-eabi/12.2.1/../../../../arm-none-eabi/lib/thumb/v8-m.main+fp/hard/libc_nano.a(libc_a-readr.o)
 .ARM.attributes
                0x0000000000000fe0       0x38 /home/aatir/SimplicityStudio_v5/developer/toolchains/gnu_arm/12.2.rel1_2023.7/bin/../lib/gcc/arm-none-eabi/12.2.1/../../../../arm-none-eabi/lib/thumb/v8-m.main+fp/hard/libc_nano.a(libc_a-mlock.o)
 .ARM.attributes
                0x0000000000001018       0x38 /home/aatir/SimplicityStudio_v5/developer/toolchains/gnu_arm/12.2.rel1_2023.7/bin/../lib/gcc/arm-none-eabi/12.2.1/../../../../arm-none-eabi/lib/thumb/v8-m.main+fp/hard/libc_nano.a(libc_a-sbrkr.o)
 .ARM.attributes
                0x0000000000001050       0x38 /home/aatir/SimplicityStudio_v5/developer/toolchains/gnu_arm/12.2.rel1_2023.7/bin/../lib/gcc/arm-none-eabi/12.2.1/../../../../arm-none-eabi/lib/thumb/v8-m.main+fp/hard/libc_nano.a(libc_a-refill.o)
 .ARM.attributes
                0x0000000000001088       0x38 /home/aatir/SimplicityStudio_v5/developer/toolchains/gnu_arm/12.2.rel1_2023.7/bin/../lib/gcc/arm-none-eabi/12.2.1/thumb/v8-m.main+fp/hard/crtend.o
 .ARM.attributes
                0x00000000000010c0       0x26 /home/aatir/SimplicityStudio_v5/developer/toolchains/gnu_arm/12.2.rel1_2023.7/bin/../lib/gcc/arm-none-eabi/12.2.1/thumb/v8-m.main+fp/hard/crtn.o

.comment        0x0000000000000000       0x45
 .comment       0x0000000000000000       0x45 ./app.o
                                         0x46 (size before relaxing)
 .comment       0x0000000000000045       0x46 ./app_iostream_usart.o
 .comment       0x0000000000000045       0x46 ./app_usart.o
 .comment       0x0000000000000045       0x46 ./main.o
 .comment       0x0000000000000045       0x46 ./autogen/sl_board_default_init.o
 .comment       0x0000000000000045       0x46 ./autogen/sl_device_init_clocks.o
 .comment       0x0000000000000045       0x46 ./autogen/sl_event_handler.o
 .comment       0x0000000000000045       0x46 ./autogen/sl_iostream_init_usart_instances.o
 .comment       0x0000000000000045       0x46 ./gecko_sdk_4.4.0/hardware/board/src/sl_board_control_gpio.o
 .comment       0x0000000000000045       0x46 ./gecko_sdk_4.4.0/hardware/board/src/sl_board_init.o
 .comment       0x0000000000000045       0x46 ./gecko_sdk_4.4.0/hardware/driver/configuration_over_swo/src/sl_cos.o
 .comment       0x0000000000000045       0x46 ./gecko_sdk_4.4.0/platform/Device/SiliconLabs/BGM22/Source/startup_bgm22.o
 .comment       0x0000000000000045       0x46 ./gecko_sdk_4.4.0/platform/Device/SiliconLabs/BGM22/Source/system_bgm22.o
 .comment       0x0000000000000045       0x46 ./gecko_sdk_4.4.0/platform/common/src/sl_assert.o
 .comment       0x0000000000000045       0x46 ./gecko_sdk_4.4.0/platform/common/toolchain/src/sl_memory.o
 .comment       0x0000000000000045       0x46 ./gecko_sdk_4.4.0/platform/driver/debug/src/sl_debug_swo.o
 .comment       0x0000000000000045       0x46 ./gecko_sdk_4.4.0/platform/emdrv/dmadrv/src/dmadrv.o
 .comment       0x0000000000000045       0x46 ./gecko_sdk_4.4.0/platform/emlib/src/em_cmu.o
 .comment       0x0000000000000045       0x46 ./gecko_sdk_4.4.0/platform/emlib/src/em_core.o
 .comment       0x0000000000000045       0x46 ./gecko_sdk_4.4.0/platform/emlib/src/em_emu.o
 .comment       0x0000000000000045       0x46 ./gecko_sdk_4.4.0/platform/emlib/src/em_gpio.o
 .comment       0x0000000000000045       0x46 ./gecko_sdk_4.4.0/platform/emlib/src/em_ldma.o
 .comment       0x0000000000000045       0x46 ./gecko_sdk_4.4.0/platform/emlib/src/em_system.o
 .comment       0x0000000000000045       0x46 ./gecko_sdk_4.4.0/platform/emlib/src/em_usart.o
 .comment       0x0000000000000045       0x46 ./gecko_sdk_4.4.0/platform/service/device_init/src/sl_device_init_dcdc_s2.o
 .comment       0x0000000000000045       0x46 ./gecko_sdk_4.4.0/platform/service/device_init/src/sl_device_init_emu_s2.o
 .comment       0x0000000000000045       0x46 ./gecko_sdk_4.4.0/platform/service/device_init/src/sl_device_init_hfxo_s2.o
 .comment       0x0000000000000045       0x46 ./gecko_sdk_4.4.0/platform/service/device_init/src/sl_device_init_lfxo_s2.o
 .comment       0x0000000000000045       0x46 ./gecko_sdk_4.4.0/platform/service/device_init/src/sl_device_init_nvic.o
 .comment       0x0000000000000045       0x46 ./gecko_sdk_4.4.0/platform/service/iostream/src/sl_iostream.o
 .comment       0x0000000000000045       0x46 ./gecko_sdk_4.4.0/platform/service/iostream/src/sl_iostream_retarget_stdio.o
 .comment       0x0000000000000045       0x46 ./gecko_sdk_4.4.0/platform/service/iostream/src/sl_iostream_uart.o
 .comment       0x0000000000000045       0x46 ./gecko_sdk_4.4.0/platform/service/iostream/src/sl_iostream_usart.o
 .comment       0x0000000000000045       0x46 ./gecko_sdk_4.4.0/platform/service/system/src/sl_system_init.o
 .comment       0x0000000000000045       0x46 ./gecko_sdk_4.4.0/platform/service/system/src/sl_system_process_action.o

.debug_line_str
                0x0000000000000000       0xe0
 .debug_line_str